Archive member included to satisfy reference by file (symbol)

/home/tdarlic/STM32Toolchain/gcc-arm/bin/../lib/gcc/arm-none-eabi/6.3.1/../../../../arm-none-eabi/lib/thumb/v7-m/libg_nano.a(lib_a-exit.o)
                              /home/tdarlic/STM32Toolchain/gcc-arm/bin/../lib/gcc/arm-none-eabi/6.3.1/../../../../arm-none-eabi/lib/thumb/v7-m/crt0.o (exit)
/home/tdarlic/STM32Toolchain/gcc-arm/bin/../lib/gcc/arm-none-eabi/6.3.1/../../../../arm-none-eabi/lib/thumb/v7-m/libg_nano.a(lib_a-impure.o)
                              /home/tdarlic/STM32Toolchain/gcc-arm/bin/../lib/gcc/arm-none-eabi/6.3.1/../../../../arm-none-eabi/lib/thumb/v7-m/libg_nano.a(lib_a-exit.o) (_global_impure_ptr)
/home/tdarlic/STM32Toolchain/gcc-arm/bin/../lib/gcc/arm-none-eabi/6.3.1/../../../../arm-none-eabi/lib/thumb/v7-m/libg_nano.a(lib_a-init.o)
                              /home/tdarlic/STM32Toolchain/gcc-arm/bin/../lib/gcc/arm-none-eabi/6.3.1/../../../../arm-none-eabi/lib/thumb/v7-m/crt0.o (__libc_init_array)
/home/tdarlic/STM32Toolchain/gcc-arm/bin/../lib/gcc/arm-none-eabi/6.3.1/../../../../arm-none-eabi/lib/thumb/v7-m/libg_nano.a(lib_a-malloc.o)
                              ./Middlewares/Third_Party/FatFs/src/option/syscall.o (malloc)
/home/tdarlic/STM32Toolchain/gcc-arm/bin/../lib/gcc/arm-none-eabi/6.3.1/../../../../arm-none-eabi/lib/thumb/v7-m/libg_nano.a(lib_a-memcpy-stub.o)
                              ./Middlewares/Third_Party/FreeRTOS/Source/queue.o (memcpy)
/home/tdarlic/STM32Toolchain/gcc-arm/bin/../lib/gcc/arm-none-eabi/6.3.1/../../../../arm-none-eabi/lib/thumb/v7-m/libg_nano.a(lib_a-memset.o)
                              /home/tdarlic/STM32Toolchain/gcc-arm/bin/../lib/gcc/arm-none-eabi/6.3.1/../../../../arm-none-eabi/lib/thumb/v7-m/crt0.o (memset)
/home/tdarlic/STM32Toolchain/gcc-arm/bin/../lib/gcc/arm-none-eabi/6.3.1/../../../../arm-none-eabi/lib/thumb/v7-m/libg_nano.a(lib_a-nano-freer.o)
                              /home/tdarlic/STM32Toolchain/gcc-arm/bin/../lib/gcc/arm-none-eabi/6.3.1/../../../../arm-none-eabi/lib/thumb/v7-m/libg_nano.a(lib_a-malloc.o) (_free_r)
/home/tdarlic/STM32Toolchain/gcc-arm/bin/../lib/gcc/arm-none-eabi/6.3.1/../../../../arm-none-eabi/lib/thumb/v7-m/libg_nano.a(lib_a-nano-mallocr.o)
                              /home/tdarlic/STM32Toolchain/gcc-arm/bin/../lib/gcc/arm-none-eabi/6.3.1/../../../../arm-none-eabi/lib/thumb/v7-m/libg_nano.a(lib_a-malloc.o) (_malloc_r)
/home/tdarlic/STM32Toolchain/gcc-arm/bin/../lib/gcc/arm-none-eabi/6.3.1/../../../../arm-none-eabi/lib/thumb/v7-m/libg_nano.a(lib_a-sbrkr.o)
                              /home/tdarlic/STM32Toolchain/gcc-arm/bin/../lib/gcc/arm-none-eabi/6.3.1/../../../../arm-none-eabi/lib/thumb/v7-m/libg_nano.a(lib_a-nano-mallocr.o) (_sbrk_r)
/home/tdarlic/STM32Toolchain/gcc-arm/bin/../lib/gcc/arm-none-eabi/6.3.1/../../../../arm-none-eabi/lib/thumb/v7-m/libg_nano.a(lib_a-mlock.o)
                              /home/tdarlic/STM32Toolchain/gcc-arm/bin/../lib/gcc/arm-none-eabi/6.3.1/../../../../arm-none-eabi/lib/thumb/v7-m/libg_nano.a(lib_a-nano-freer.o) (__malloc_lock)
/home/tdarlic/STM32Toolchain/gcc-arm/bin/../lib/gcc/arm-none-eabi/6.3.1/../../../../arm-none-eabi/lib/thumb/v7-m/libg_nano.a(lib_a-reent.o)
                              /home/tdarlic/STM32Toolchain/gcc-arm/bin/../lib/gcc/arm-none-eabi/6.3.1/../../../../arm-none-eabi/lib/thumb/v7-m/libg_nano.a(lib_a-sbrkr.o) (errno)

Allocating common symbols
Common symbol       size              file

USERPath            0x4               ./Src/fatfs.o
defaultTaskHandle   0x4               ./Src/main.o
hspi2               0x58              ./Src/main.o
errno               0x4               /home/tdarlic/STM32Toolchain/gcc-arm/bin/../lib/gcc/arm-none-eabi/6.3.1/../../../../arm-none-eabi/lib/thumb/v7-m/libg_nano.a(lib_a-reent.o)
hi2c2               0x54              ./Src/main.o
hcan                0x44              ./Src/main.o
uwTick              0x4               ./Drivers/STM32F1xx_HAL_Driver/Src/stm32f1xx_hal.o
xQueueRegistry      0x40              ./Middlewares/Third_Party/FreeRTOS/Source/queue.o
pFlash              0x20              ./Drivers/STM32F1xx_HAL_Driver/Src/stm32f1xx_hal_flash.o
huart1              0x40              ./Src/main.o
retUSER             0x1               ./Src/fatfs.o
htim1               0x40              ./Src/stm32f1xx_hal_timebase_TIM.o
huart2              0x40              ./Src/main.o
hpcd_USB_FS         0x460             ./Src/main.o
USERFile            0x22c             ./Src/fatfs.o
USERFatFS           0x234             ./Src/fatfs.o

Discarded input sections

 .text          0x0000000000000000        0x0 /home/tdarlic/STM32Toolchain/gcc-arm/bin/../lib/gcc/arm-none-eabi/6.3.1/thumb/v7-m/crti.o
 .data          0x0000000000000000        0x0 /home/tdarlic/STM32Toolchain/gcc-arm/bin/../lib/gcc/arm-none-eabi/6.3.1/thumb/v7-m/crti.o
 .bss           0x0000000000000000        0x0 /home/tdarlic/STM32Toolchain/gcc-arm/bin/../lib/gcc/arm-none-eabi/6.3.1/thumb/v7-m/crti.o
[...]
Memory Configuration

Name             Origin             Length             Attributes
RAM              0x0000000020000000 0x0000000000005000 xrw
FLASH            0x0000000008000000 0x0000000000020000 xr
*default*        0x0000000000000000 0xffffffffffffffff

Linker script and memory map

LOAD /home/tdarlic/STM32Toolchain/gcc-arm/bin/../lib/gcc/arm-none-eabi/6.3.1/thumb/v7-m/crti.o
LOAD /home/tdarlic/STM32Toolchain/gcc-arm/bin/../lib/gcc/arm-none-eabi/6.3.1/thumb/v7-m/crtbegin.o
LOAD /home/tdarlic/STM32Toolchain/gcc-arm/bin/../lib/gcc/arm-none-eabi/6.3.1/../../../../arm-none-eabi/lib/thumb/v7-m/crt0.o
LOAD ./startup/startup_stm32f103xb.o
LOAD ./Src/fatfs.o
LOAD ./Src/freertos.o
LOAD ./Src/main.o
LOAD ./Src/stm32f1xx_hal_msp.o
LOAD ./Src/stm32f1xx_hal_timebase_TIM.o
LOAD ./Src/stm32f1xx_it.o
LOAD ./Src/system_stm32f1xx.o
LOAD ./Src/user_diskio.o
LOAD ./Middlewares/Third_Party/FreeRTOS/Source/portable/MemMang/heap_4.o
LOAD ./Middlewares/Third_Party/FreeRTOS/Source/portable/GCC/ARM_CM3/port.o
LOAD ./Middlewares/Third_Party/FreeRTOS/Source/CMSIS_RTOS/cmsis_os.o
LOAD ./Middlewares/Third_Party/FreeRTOS/Source/croutine.o
LOAD ./Middlewares/Third_Party/FreeRTOS/Source/event_groups.o
LOAD ./Middlewares/Third_Party/FreeRTOS/Source/list.o
LOAD ./Middlewares/Third_Party/FreeRTOS/Source/queue.o
LOAD ./Middlewares/Third_Party/FreeRTOS/Source/tasks.o
LOAD ./Middlewares/Third_Party/FreeRTOS/Source/timers.o
LOAD ./Middlewares/Third_Party/FatFs/src/option/syscall.o
LOAD ./Middlewares/Third_Party/FatFs/src/diskio.o
LOAD ./Middlewares/Third_Party/FatFs/src/ff.o
LOAD ./Middlewares/Third_Party/FatFs/src/ff_gen_drv.o
LOAD ./Drivers/STM32F1xx_HAL_Driver/Src/stm32f1xx_hal.o
LOAD ./Drivers/STM32F1xx_HAL_Driver/Src/stm32f1xx_hal_can.o
LOAD ./Drivers/STM32F1xx_HAL_Driver/Src/stm32f1xx_hal_cortex.o
LOAD ./Drivers/STM32F1xx_HAL_Driver/Src/stm32f1xx_hal_dma.o
LOAD ./Drivers/STM32F1xx_HAL_Driver/Src/stm32f1xx_hal_flash.o
LOAD ./Drivers/STM32F1xx_HAL_Driver/Src/stm32f1xx_hal_flash_ex.o
LOAD ./Drivers/STM32F1xx_HAL_Driver/Src/stm32f1xx_hal_gpio.o
LOAD ./Drivers/STM32F1xx_HAL_Driver/Src/stm32f1xx_hal_gpio_ex.o
LOAD ./Drivers/STM32F1xx_HAL_Driver/Src/stm32f1xx_hal_i2c.o
LOAD ./Drivers/STM32F1xx_HAL_Driver/Src/stm32f1xx_hal_pcd.o
LOAD ./Drivers/STM32F1xx_HAL_Driver/Src/stm32f1xx_hal_pcd_ex.o
LOAD ./Drivers/STM32F1xx_HAL_Driver/Src/stm32f1xx_hal_pwr.o
LOAD ./Drivers/STM32F1xx_HAL_Driver/Src/stm32f1xx_hal_rcc.o
LOAD ./Drivers/STM32F1xx_HAL_Driver/Src/stm32f1xx_hal_rcc_ex.o
LOAD ./Drivers/STM32F1xx_HAL_Driver/Src/stm32f1xx_hal_spi.o
LOAD ./Drivers/STM32F1xx_HAL_Driver/Src/stm32f1xx_hal_spi_ex.o
LOAD ./Drivers/STM32F1xx_HAL_Driver/Src/stm32f1xx_hal_tim.o
LOAD ./Drivers/STM32F1xx_HAL_Driver/Src/stm32f1xx_hal_tim_ex.o
LOAD ./Drivers/STM32F1xx_HAL_Driver/Src/stm32f1xx_hal_uart.o
LOAD ./Drivers/STM32F1xx_HAL_Driver/Src/stm32f1xx_ll_usb.o
LOAD /home/tdarlic/STM32Toolchain/gcc-arm/bin/../lib/gcc/arm-none-eabi/6.3.1/../../../../arm-none-eabi/lib/thumb/v7-m/libstdc++_nano.a
LOAD /home/tdarlic/STM32Toolchain/gcc-arm/bin/../lib/gcc/arm-none-eabi/6.3.1/../../../../arm-none-eabi/lib/thumb/v7-m/libm.a
START GROUP
LOAD /home/tdarlic/STM32Toolchain/gcc-arm/bin/../lib/gcc/arm-none-eabi/6.3.1/thumb/v7-m/libgcc.a
LOAD /home/tdarlic/STM32Toolchain/gcc-arm/bin/../lib/gcc/arm-none-eabi/6.3.1/../../../../arm-none-eabi/lib/thumb/v7-m/libg_nano.a
LOAD /home/tdarlic/STM32Toolchain/gcc-arm/bin/../lib/gcc/arm-none-eabi/6.3.1/../../../../arm-none-eabi/lib/thumb/v7-m/libc_nano.a
END GROUP
START GROUP
LOAD /home/tdarlic/STM32Toolchain/gcc-arm/bin/../lib/gcc/arm-none-eabi/6.3.1/thumb/v7-m/libgcc.a
LOAD /home/tdarlic/STM32Toolchain/gcc-arm/bin/../lib/gcc/arm-none-eabi/6.3.1/../../../../arm-none-eabi/lib/thumb/v7-m/libc_nano.a
END GROUP
LOAD /home/tdarlic/STM32Toolchain/gcc-arm/bin/../lib/gcc/arm-none-eabi/6.3.1/thumb/v7-m/crtend.o
LOAD /home/tdarlic/STM32Toolchain/gcc-arm/bin/../lib/gcc/arm-none-eabi/6.3.1/thumb/v7-m/crtn.o
                0x0000000020005000                _estack = 0x20005000
                0x0000000000000200                _Min_Heap_Size = 0x200
                0x0000000000000400                _Min_Stack_Size = 0x400

.isr_vector     0x0000000008000000      0x10c
                0x0000000008000000                . = ALIGN (0x4)
 *(.isr_vector)
 .isr_vector    0x0000000008000000      0x10c ./startup/startup_stm32f103xb.o
                0x0000000008000000                g_pfnVectors
                0x000000000800010c                . = ALIGN (0x4)

.text           0x0000000008000110     0x28fc
                0x0000000008000110                . = ALIGN (0x4)
 *(.text)
 .text          0x0000000008000110       0x6c /home/tdarlic/STM32Toolchain/gcc-arm/bin/../lib/gcc/arm-none-eabi/6.3.1/thumb/v7-m/crtbegin.o
 *(.text*)
 .text.Reset_Handler
                0x000000000800017c       0x48 ./startup/startup_stm32f103xb.o
                0x000000000800017c                Reset_Handler
 .text.Default_Handler
                0x00000000080001c4        0x2 ./startup/startup_stm32f103xb.o
                0x00000000080001c4                RTC_Alarm_IRQHandler
                0x00000000080001c4                EXTI2_IRQHandler
                0x00000000080001c4                TIM1_CC_IRQHandler
                0x00000000080001c4                PVD_IRQHandler
                0x00000000080001c4                EXTI3_IRQHandler
                0x00000000080001c4                EXTI0_IRQHandler
                0x00000000080001c4                I2C2_EV_IRQHandler
                0x00000000080001c4                ADC1_2_IRQHandler
                0x00000000080001c4                SPI1_IRQHandler
                0x00000000080001c4                TAMPER_IRQHandler
                0x00000000080001c4                DMA1_Channel4_IRQHandler
                0x00000000080001c4                USART3_IRQHandler
                0x00000000080001c4                RTC_IRQHandler
                0x00000000080001c4                DMA1_Channel7_IRQHandler
                0x00000000080001c4                CAN1_RX1_IRQHandler
                0x00000000080001c4                TIM4_IRQHandler
                0x00000000080001c4                I2C1_EV_IRQHandler
                0x00000000080001c4                DMA1_Channel6_IRQHandler
                0x00000000080001c4                TIM3_IRQHandler
                0x00000000080001c4                RCC_IRQHandler
                0x00000000080001c4                TIM1_TRG_COM_IRQHandler
                0x00000000080001c4                DMA1_Channel1_IRQHandler
                0x00000000080001c4                Default_Handler
                0x00000000080001c4                EXTI15_10_IRQHandler
                0x00000000080001c4                EXTI9_5_IRQHandler
                0x00000000080001c4                SPI2_IRQHandler
                0x00000000080001c4                DMA1_Channel5_IRQHandler
                0x00000000080001c4                EXTI4_IRQHandler
                0x00000000080001c4                USB_LP_CAN1_RX0_IRQHandler
                0x00000000080001c4                USB_HP_CAN1_TX_IRQHandler
                0x00000000080001c4                DMA1_Channel3_IRQHandler
                0x00000000080001c4                WWDG_IRQHandler
                0x00000000080001c4                TIM2_IRQHandler
                0x00000000080001c4                TIM1_BRK_IRQHandler
                0x00000000080001c4                EXTI1_IRQHandler
                0x00000000080001c4                USART2_IRQHandler
                0x00000000080001c4                I2C2_ER_IRQHandler
                0x00000000080001c4                DMA1_Channel2_IRQHandler
                0x00000000080001c4                CAN1_SCE_IRQHandler
                0x00000000080001c4                FLASH_IRQHandler
                0x00000000080001c4                USART1_IRQHandler
                0x00000000080001c4                I2C1_ER_IRQHandler
                0x00000000080001c4                USBWakeUp_IRQHandler
 *fill*         0x00000000080001c6        0x2 
 .text.MX_FATFS_Init
                0x00000000080001c8       0x1c ./Src/fatfs.o
                0x00000000080001c8                MX_FATFS_Init
 .text.MX_GPIO_Init
                0x00000000080001e4       0xe0 ./Src/main.o
 .text.blinkThread
                0x00000000080002c4       0x24 ./Src/main.o
                0x00000000080002c4                blinkThread
 .text.StartDefaultTask
                0x00000000080002e8        0xe ./Src/main.o
                0x00000000080002e8                StartDefaultTask
 *fill*         0x00000000080002f6        0x2 
 .text.HAL_TIM_PeriodElapsedCallback
                0x00000000080002f8       0x18 ./Src/main.o
                0x00000000080002f8                HAL_TIM_PeriodElapsedCallback
 .text._Error_Handler
                0x0000000008000310        0x2 ./Src/main.o
                0x0000000008000310                _Error_Handler
 *fill*         0x0000000008000312        0x2 
 .text.MX_USART2_UART_Init
                0x0000000008000314       0x3c ./Src/main.o
 .text.MX_SPI2_Init
                0x0000000008000350       0x44 ./Src/main.o
 .text.MX_USART1_UART_Init
                0x0000000008000394       0x3c ./Src/main.o
 .text.MX_CAN_Init
                0x00000000080003d0       0x40 ./Src/main.o
 .text.MX_I2C2_Init
                0x0000000008000410       0x44 ./Src/main.o
 .text.MX_USB_PCD_Init
                0x0000000008000454       0x3c ./Src/main.o
 .text.SystemClock_Config
                0x0000000008000490       0x9c ./Src/main.o
                0x0000000008000490                SystemClock_Config
 .text.main     0x000000000800052c       0x70 ./Src/main.o
                0x000000000800052c                main
 .text.HAL_MspInit
                0x000000000800059c       0x9c ./Src/stm32f1xx_hal_msp.o
                0x000000000800059c                HAL_MspInit
 .text.HAL_CAN_MspInit
                0x0000000008000638       0x74 ./Src/stm32f1xx_hal_msp.o
                0x0000000008000638                HAL_CAN_MspInit
 .text.HAL_I2C_MspInit
                0x00000000080006ac       0x4c ./Src/stm32f1xx_hal_msp.o
                0x00000000080006ac                HAL_I2C_MspInit
 .text.HAL_SPI_MspInit
                0x00000000080006f8       0x5c ./Src/stm32f1xx_hal_msp.o
                0x00000000080006f8                HAL_SPI_MspInit
 .text.HAL_UART_MspInit
                0x0000000008000754       0xa8 ./Src/stm32f1xx_hal_msp.o
                0x0000000008000754                HAL_UART_MspInit
 .text.HAL_PCD_MspInit
                0x00000000080007fc       0x2c ./Src/stm32f1xx_hal_msp.o
                0x00000000080007fc                HAL_PCD_MspInit
 .text.HAL_InitTick
                0x0000000008000828       0x78 ./Src/stm32f1xx_hal_timebase_TIM.o
                0x0000000008000828                HAL_InitTick
 .text.NMI_Handler
                0x00000000080008a0        0x2 ./Src/stm32f1xx_it.o
                0x00000000080008a0                NMI_Handler
 .text.HardFault_Handler
                0x00000000080008a2        0x2 ./Src/stm32f1xx_it.o
                0x00000000080008a2                HardFault_Handler
 .text.MemManage_Handler
                0x00000000080008a4        0x2 ./Src/stm32f1xx_it.o
                0x00000000080008a4                MemManage_Handler
 .text.BusFault_Handler
                0x00000000080008a6        0x2 ./Src/stm32f1xx_it.o
                0x00000000080008a6                BusFault_Handler
 .text.UsageFault_Handler
                0x00000000080008a8        0x2 ./Src/stm32f1xx_it.o
                0x00000000080008a8                UsageFault_Handler
 .text.DebugMon_Handler
                0x00000000080008aa        0x2 ./Src/stm32f1xx_it.o
                0x00000000080008aa                DebugMon_Handler
 .text.SysTick_Handler
                0x00000000080008ac        0x8 ./Src/stm32f1xx_it.o
                0x00000000080008ac                SysTick_Handler
 .text.TIM1_UP_IRQHandler
                0x00000000080008b4       0x10 ./Src/stm32f1xx_it.o
                0x00000000080008b4                TIM1_UP_IRQHandler
 .text.SystemInit
                0x00000000080008c4       0x4c ./Src/system_stm32f1xx.o
                0x00000000080008c4                SystemInit
 .text.USER_initialize
                0x0000000008000910       0x10 ./Src/user_diskio.o
                0x0000000008000910                USER_initialize
 .text.USER_status
                0x0000000008000920       0x10 ./Src/user_diskio.o
                0x0000000008000920                USER_status
 .text.USER_read
                0x0000000008000930        0x4 ./Src/user_diskio.o
                0x0000000008000930                USER_read
 .text.USER_write
                0x0000000008000934        0x4 ./Src/user_diskio.o
                0x0000000008000934                USER_write
 .text.USER_ioctl
                0x0000000008000938        0x4 ./Src/user_diskio.o
                0x0000000008000938                USER_ioctl
 .text.prvHeapInit
                0x000000000800093c       0x64 ./Middlewares/Third_Party/FreeRTOS/Source/portable/MemMang/heap_4.o
 .text.prvInsertBlockIntoFreeList
                0x00000000080009a0       0x54 ./Middlewares/Third_Party/FreeRTOS/Source/portable/MemMang/heap_4.o
 .text.pvPortMalloc
                0x00000000080009f4      0x108 ./Middlewares/Third_Party/FreeRTOS/Source/portable/MemMang/heap_4.o
                0x00000000080009f4                pvPortMalloc
 .text.vPortFree
                0x0000000008000afc       0x70 ./Middlewares/Third_Party/FreeRTOS/Source/portable/MemMang/heap_4.o
                0x0000000008000afc                vPortFree
 .text.prvTaskExitError
                0x0000000008000b6c       0x34 ./Middlewares/Third_Party/FreeRTOS/Source/portable/GCC/ARM_CM3/port.o
 .text.prvPortStartFirstTask
                0x0000000008000ba0       0x20 ./Middlewares/Third_Party/FreeRTOS/Source/portable/GCC/ARM_CM3/port.o
 .text.pxPortInitialiseStack
                0x0000000008000bc0       0x24 ./Middlewares/Third_Party/FreeRTOS/Source/portable/GCC/ARM_CM3/port.o
                0x0000000008000bc0                pxPortInitialiseStack
 *fill*         0x0000000008000be4        0xc 
 .text.SVC_Handler
                0x0000000008000bf0       0x24 ./Middlewares/Third_Party/FreeRTOS/Source/portable/GCC/ARM_CM3/port.o
                0x0000000008000bf0                SVC_Handler
 .text.vPortEnterCritical
                0x0000000008000c14       0x44 ./Middlewares/Third_Party/FreeRTOS/Source/portable/GCC/ARM_CM3/port.o
                0x0000000008000c14                vPortEnterCritical
 .text.vPortExitCritical
                0x0000000008000c58       0x2c ./Middlewares/Third_Party/FreeRTOS/Source/portable/GCC/ARM_CM3/port.o
                0x0000000008000c58                vPortExitCritical
 *fill*         0x0000000008000c84        0xc 
 .text.PendSV_Handler
                0x0000000008000c90       0x44 ./Middlewares/Third_Party/FreeRTOS/Source/portable/GCC/ARM_CM3/port.o
                0x0000000008000c90                PendSV_Handler
 .text.xPortSysTickHandler
                0x0000000008000cd4       0x2c ./Middlewares/Third_Party/FreeRTOS/Source/portable/GCC/ARM_CM3/port.o
                0x0000000008000cd4                xPortSysTickHandler
 .text.vPortSetupTimerInterrupt
                0x0000000008000d00       0x2c ./Middlewares/Third_Party/FreeRTOS/Source/portable/GCC/ARM_CM3/port.o
                0x0000000008000d00                vPortSetupTimerInterrupt
 .text.xPortStartScheduler
                0x0000000008000d2c       0x98 ./Middlewares/Third_Party/FreeRTOS/Source/portable/GCC/ARM_CM3/port.o
                0x0000000008000d2c                xPortStartScheduler
 .text.makeFreeRtosPriority
                0x0000000008000dc4        0xc ./Middlewares/Third_Party/FreeRTOS/Source/CMSIS_RTOS/cmsis_os.o
 .text.osKernelStart
                0x0000000008000dd0        0xa ./Middlewares/Third_Party/FreeRTOS/Source/CMSIS_RTOS/cmsis_os.o
                0x0000000008000dd0                osKernelStart
 .text.osThreadCreate
                0x0000000008000dda       0x34 ./Middlewares/Third_Party/FreeRTOS/Source/CMSIS_RTOS/cmsis_os.o
                0x0000000008000dda                osThreadCreate
 .text.osDelay  0x0000000008000e0e       0x12 ./Middlewares/Third_Party/FreeRTOS/Source/CMSIS_RTOS/cmsis_os.o
                0x0000000008000e0e                osDelay
 .text.osSystickHandler
                0x0000000008000e20       0x10 ./Middlewares/Third_Party/FreeRTOS/Source/CMSIS_RTOS/cmsis_os.o
                0x0000000008000e20                osSystickHandler
 .text.vListInitialise
                0x0000000008000e30       0x16 ./Middlewares/Third_Party/FreeRTOS/Source/list.o
                0x0000000008000e30                vListInitialise
 .text.vListInitialiseItem
                0x0000000008000e46        0x6 ./Middlewares/Third_Party/FreeRTOS/Source/list.o
                0x0000000008000e46                vListInitialiseItem
 .text.vListInsertEnd
                0x0000000008000e4c       0x18 ./Middlewares/Third_Party/FreeRTOS/Source/list.o
                0x0000000008000e4c                vListInsertEnd
 .text.vListInsert
                0x0000000008000e64       0x34 ./Middlewares/Third_Party/FreeRTOS/Source/list.o
                0x0000000008000e64                vListInsert
 .text.uxListRemove
                0x0000000008000e98       0x26 ./Middlewares/Third_Party/FreeRTOS/Source/list.o
                0x0000000008000e98                uxListRemove
 *fill*         0x0000000008000ebe        0x2 
 .text.prvResetNextTaskUnblockTime
                0x0000000008000ec0       0x34 ./Middlewares/Third_Party/FreeRTOS/Source/tasks.o
 .text.prvDeleteTCB
                0x0000000008000ef4       0x12 ./Middlewares/Third_Party/FreeRTOS/Source/tasks.o
 .text.prvInitialiseNewTask
                0x0000000008000f06       0x80 ./Middlewares/Third_Party/FreeRTOS/Source/tasks.o
 *fill*         0x0000000008000f86        0x2 
 .text.prvInitialiseTaskLists
                0x0000000008000f88       0x68 ./Middlewares/Third_Party/FreeRTOS/Source/tasks.o
 .text.prvAddNewTaskToReadyList
                0x0000000008000ff0       0xa8 ./Middlewares/Third_Party/FreeRTOS/Source/tasks.o
 .text.prvAddCurrentTaskToDelayedList
                0x0000000008001098       0x98 ./Middlewares/Third_Party/FreeRTOS/Source/tasks.o
 .text.xTaskCreate
                0x0000000008001130       0x62 ./Middlewares/Third_Party/FreeRTOS/Source/tasks.o
                0x0000000008001130                xTaskCreate
 *fill*         0x0000000008001192        0x2 
 .text.vTaskStartScheduler
                0x0000000008001194       0x7c ./Middlewares/Third_Party/FreeRTOS/Source/tasks.o
                0x0000000008001194                vTaskStartScheduler
 .text.vTaskSuspendAll
                0x0000000008001210       0x10 ./Middlewares/Third_Party/FreeRTOS/Source/tasks.o
                0x0000000008001210                vTaskSuspendAll
 .text.xTaskIncrementTick
                0x0000000008001220      0x120 ./Middlewares/Third_Party/FreeRTOS/Source/tasks.o
                0x0000000008001220                xTaskIncrementTick
 .text.xTaskResumeAll
                0x0000000008001340       0xfc ./Middlewares/Third_Party/FreeRTOS/Source/tasks.o
                0x0000000008001340                xTaskResumeAll
 .text.vTaskDelay
                0x000000000800143c       0x50 ./Middlewares/Third_Party/FreeRTOS/Source/tasks.o
                0x000000000800143c                vTaskDelay
 .text.prvCheckTasksWaitingTermination
                0x000000000800148c       0x5c ./Middlewares/Third_Party/FreeRTOS/Source/tasks.o
 .text.prvIdleTask
                0x00000000080014e8       0x28 ./Middlewares/Third_Party/FreeRTOS/Source/tasks.o
 .text.vTaskSwitchContext
                0x0000000008001510       0x98 ./Middlewares/Third_Party/FreeRTOS/Source/tasks.o
                0x0000000008001510                vTaskSwitchContext
 .text.xTaskGetSchedulerState
                0x00000000080015a8       0x20 ./Middlewares/Third_Party/FreeRTOS/Source/tasks.o
                0x00000000080015a8                xTaskGetSchedulerState
 .text.FATFS_LinkDriverEx
                0x00000000080015c8       0x4c ./Middlewares/Third_Party/FatFs/src/ff_gen_drv.o
                0x00000000080015c8                FATFS_LinkDriverEx
 .text.FATFS_LinkDriver
                0x0000000008001614        0xa ./Middlewares/Third_Party/FatFs/src/ff_gen_drv.o
                0x0000000008001614                FATFS_LinkDriver
 *fill*         0x000000000800161e        0x2 
 .text.HAL_Init
                0x0000000008001620       0x24 ./Drivers/STM32F1xx_HAL_Driver/Src/stm32f1xx_hal.o
                0x0000000008001620                HAL_Init
 .text.HAL_IncTick
                0x0000000008001644       0x18 ./Drivers/STM32F1xx_HAL_Driver/Src/stm32f1xx_hal.o
                0x0000000008001644                HAL_IncTick
 .text.HAL_GetTick
                0x000000000800165c        0xc ./Drivers/STM32F1xx_HAL_Driver/Src/stm32f1xx_hal.o
                0x000000000800165c                HAL_GetTick
 .text.HAL_CAN_Init
                0x0000000008001668      0x142 ./Drivers/STM32F1xx_HAL_Driver/Src/stm32f1xx_hal_can.o
                0x0000000008001668                HAL_CAN_Init
 *fill*         0x00000000080017aa        0x2 
 .text.HAL_NVIC_SetPriorityGrouping
                0x00000000080017ac       0x24 ./Drivers/STM32F1xx_HAL_Driver/Src/stm32f1xx_hal_cortex.o
                0x00000000080017ac                HAL_NVIC_SetPriorityGrouping
 .text.HAL_NVIC_SetPriority
                0x00000000080017d0       0x64 ./Drivers/STM32F1xx_HAL_Driver/Src/stm32f1xx_hal_cortex.o
                0x00000000080017d0                HAL_NVIC_SetPriority
 .text.HAL_NVIC_EnableIRQ
                0x0000000008001834       0x18 ./Drivers/STM32F1xx_HAL_Driver/Src/stm32f1xx_hal_cortex.o
                0x0000000008001834                HAL_NVIC_EnableIRQ
 .text.HAL_SYSTICK_Config
                0x000000000800184c       0x2c ./Drivers/STM32F1xx_HAL_Driver/Src/stm32f1xx_hal_cortex.o
                0x000000000800184c                HAL_SYSTICK_Config
 .text.HAL_SYSTICK_CLKSourceConfig
                0x0000000008001878       0x20 ./Drivers/STM32F1xx_HAL_Driver/Src/stm32f1xx_hal_cortex.o
                0x0000000008001878                HAL_SYSTICK_CLKSourceConfig
 .text.HAL_GPIO_Init
                0x0000000008001898      0x1ec ./Drivers/STM32F1xx_HAL_Driver/Src/stm32f1xx_hal_gpio.o
                0x0000000008001898                HAL_GPIO_Init
 .text.HAL_GPIO_WritePin
                0x0000000008001a84        0xc ./Drivers/STM32F1xx_HAL_Driver/Src/stm32f1xx_hal_gpio.o
                0x0000000008001a84                HAL_GPIO_WritePin
 .text.HAL_GPIO_TogglePin
                0x0000000008001a90        0x8 ./Drivers/STM32F1xx_HAL_Driver/Src/stm32f1xx_hal_gpio.o
                0x0000000008001a90                HAL_GPIO_TogglePin
 .text.HAL_I2C_Init
                0x0000000008001a98      0x168 ./Drivers/STM32F1xx_HAL_Driver/Src/stm32f1xx_hal_i2c.o
                0x0000000008001a98                HAL_I2C_Init
 .text.HAL_PCD_Init
                0x0000000008001c00       0xd6 ./Drivers/STM32F1xx_HAL_Driver/Src/stm32f1xx_hal_pcd.o
                0x0000000008001c00                HAL_PCD_Init
 *fill*         0x0000000008001cd6        0x2 
 .text.RCC_Delay
                0x0000000008001cd8       0x2c ./Drivers/STM32F1xx_HAL_Driver/Src/stm32f1xx_hal_rcc.o
 .text.HAL_RCC_OscConfig
                0x0000000008001d04      0x3e0 ./Drivers/STM32F1xx_HAL_Driver/Src/stm32f1xx_hal_rcc.o
                0x0000000008001d04                HAL_RCC_OscConfig
 .text.HAL_RCC_GetSysClockFreq
                0x00000000080020e4       0x6c ./Drivers/STM32F1xx_HAL_Driver/Src/stm32f1xx_hal_rcc.o
                0x00000000080020e4                HAL_RCC_GetSysClockFreq
 .text.HAL_RCC_ClockConfig
                0x0000000008002150      0x178 ./Drivers/STM32F1xx_HAL_Driver/Src/stm32f1xx_hal_rcc.o
                0x0000000008002150                HAL_RCC_ClockConfig
 .text.HAL_RCC_GetHCLKFreq
                0x00000000080022c8        0xc ./Drivers/STM32F1xx_HAL_Driver/Src/stm32f1xx_hal_rcc.o
                0x00000000080022c8                HAL_RCC_GetHCLKFreq
 .text.HAL_RCC_GetPCLK1Freq
                0x00000000080022d4       0x20 ./Drivers/STM32F1xx_HAL_Driver/Src/stm32f1xx_hal_rcc.o
                0x00000000080022d4                HAL_RCC_GetPCLK1Freq
 .text.HAL_RCC_GetPCLK2Freq
                0x00000000080022f4       0x20 ./Drivers/STM32F1xx_HAL_Driver/Src/stm32f1xx_hal_rcc.o
                0x00000000080022f4                HAL_RCC_GetPCLK2Freq
 .text.HAL_RCC_GetClockConfig
                0x0000000008002314       0x3c ./Drivers/STM32F1xx_HAL_Driver/Src/stm32f1xx_hal_rcc.o
                0x0000000008002314                HAL_RCC_GetClockConfig
 .text.HAL_RCCEx_PeriphCLKConfig
                0x0000000008002350      0x114 ./Drivers/STM32F1xx_HAL_Driver/Src/stm32f1xx_hal_rcc_ex.o
                0x0000000008002350                HAL_RCCEx_PeriphCLKConfig
 .text.HAL_SPI_Init
                0x0000000008002464       0x82 ./Drivers/STM32F1xx_HAL_Driver/Src/stm32f1xx_hal_spi_ex.o
                0x0000000008002464                HAL_SPI_Init
 .text.HAL_TIM_Base_MspInit
                0x00000000080024e6        0x2 ./Drivers/STM32F1xx_HAL_Driver/Src/stm32f1xx_hal_tim.o
                0x00000000080024e6                HAL_TIM_Base_MspInit
 .text.HAL_TIM_Base_Start_IT
                0x00000000080024e8       0x18 ./Drivers/STM32F1xx_HAL_Driver/Src/stm32f1xx_hal_tim.o
                0x00000000080024e8                HAL_TIM_Base_Start_IT
 .text.HAL_TIM_OC_DelayElapsedCallback
                0x0000000008002500        0x2 ./Drivers/STM32F1xx_HAL_Driver/Src/stm32f1xx_hal_tim.o
                0x0000000008002500                HAL_TIM_OC_DelayElapsedCallback
 .text.HAL_TIM_IC_CaptureCallback
                0x0000000008002502        0x2 ./Drivers/STM32F1xx_HAL_Driver/Src/stm32f1xx_hal_tim.o
                0x0000000008002502                HAL_TIM_IC_CaptureCallback
 .text.HAL_TIM_PWM_PulseFinishedCallback
                0x0000000008002504        0x2 ./Drivers/STM32F1xx_HAL_Driver/Src/stm32f1xx_hal_tim.o
                0x0000000008002504                HAL_TIM_PWM_PulseFinishedCallback
 .text.HAL_TIM_TriggerCallback
                0x0000000008002506        0x2 ./Drivers/STM32F1xx_HAL_Driver/Src/stm32f1xx_hal_tim.o
                0x0000000008002506                HAL_TIM_TriggerCallback
 .text.HAL_TIM_IRQHandler
                0x0000000008002508      0x17a ./Drivers/STM32F1xx_HAL_Driver/Src/stm32f1xx_hal_tim.o
                0x0000000008002508                HAL_TIM_IRQHandler
 *fill*         0x0000000008002682        0x2 
 .text.TIM_Base_SetConfig
                0x0000000008002684       0x78 ./Drivers/STM32F1xx_HAL_Driver/Src/stm32f1xx_hal_tim.o
                0x0000000008002684                TIM_Base_SetConfig
 .text.HAL_TIM_Base_Init
                0x00000000080026fc       0x32 ./Drivers/STM32F1xx_HAL_Driver/Src/stm32f1xx_hal_tim.o
                0x00000000080026fc                HAL_TIM_Base_Init
 .text.HAL_TIMEx_CommutationCallback
                0x000000000800272e        0x2 ./Drivers/STM32F1xx_HAL_Driver/Src/stm32f1xx_hal_tim_ex.o
                0x000000000800272e                HAL_TIMEx_CommutationCallback
 .text.HAL_TIMEx_BreakCallback
                0x0000000008002730        0x2 ./Drivers/STM32F1xx_HAL_Driver/Src/stm32f1xx_hal_tim_ex.o
                0x0000000008002730                HAL_TIMEx_BreakCallback
 *fill*         0x0000000008002732        0x2 
 .text.UART_SetConfig
                0x0000000008002734      0x1b0 ./Drivers/STM32F1xx_HAL_Driver/Src/stm32f1xx_hal_uart.o
 .text.HAL_UART_Init
                0x00000000080028e4       0x5e ./Drivers/STM32F1xx_HAL_Driver/Src/stm32f1xx_hal_uart.o
                0x00000000080028e4                HAL_UART_Init
 .text.USB_CoreInit
                0x0000000008002942        0xe ./Drivers/STM32F1xx_HAL_Driver/Src/stm32f1xx_ll_usb.o
                0x0000000008002942                USB_CoreInit
 .text.USB_EnableGlobalInt
                0x0000000008002950       0x12 ./Drivers/STM32F1xx_HAL_Driver/Src/stm32f1xx_ll_usb.o
                0x0000000008002950                USB_EnableGlobalInt
 .text.USB_DisableGlobalInt
                0x0000000008002962       0x14 ./Drivers/STM32F1xx_HAL_Driver/Src/stm32f1xx_ll_usb.o
                0x0000000008002962                USB_DisableGlobalInt
 .text.USB_SetCurrentMode
                0x0000000008002976        0x4 ./Drivers/STM32F1xx_HAL_Driver/Src/stm32f1xx_ll_usb.o
                0x0000000008002976                USB_SetCurrentMode
 .text.USB_DevInit
                0x000000000800297a       0x2c ./Drivers/STM32F1xx_HAL_Driver/Src/stm32f1xx_ll_usb.o
                0x000000000800297a                USB_DevInit
 .text.USB_DevDisconnect
                0x00000000080029a6        0x4 ./Drivers/STM32F1xx_HAL_Driver/Src/stm32f1xx_ll_usb.o
                0x00000000080029a6                USB_DevDisconnect
 *fill*         0x00000000080029aa        0x2 
 .text.__libc_init_array
                0x00000000080029ac       0x48 /home/tdarlic/STM32Toolchain/gcc-arm/bin/../lib/gcc/arm-none-eabi/6.3.1/../../../../arm-none-eabi/lib/thumb/v7-m/libg_nano.a(lib_a-init.o)
                0x00000000080029ac                __libc_init_array
 *(.glue_7)
 .glue_7        0x00000000080029f4        0x0 linker stubs
 *(.glue_7t)
 .glue_7t       0x00000000080029f4        0x0 linker stubs
 *(.eh_frame)
 .eh_frame      0x00000000080029f4        0x0 /home/tdarlic/STM32Toolchain/gcc-arm/bin/../lib/gcc/arm-none-eabi/6.3.1/thumb/v7-m/crtbegin.o
 *(.init)
 .init          0x00000000080029f4        0x4 /home/tdarlic/STM32Toolchain/gcc-arm/bin/../lib/gcc/arm-none-eabi/6.3.1/thumb/v7-m/crti.o
                0x00000000080029f4                _init
 .init          0x00000000080029f8        0x8 /home/tdarlic/STM32Toolchain/gcc-arm/bin/../lib/gcc/arm-none-eabi/6.3.1/thumb/v7-m/crtn.o
 *(.fini)
 .fini          0x0000000008002a00        0x4 /home/tdarlic/STM32Toolchain/gcc-arm/bin/../lib/gcc/arm-none-eabi/6.3.1/thumb/v7-m/crti.o
                0x0000000008002a00                _fini
 .fini          0x0000000008002a04        0x8 /home/tdarlic/STM32Toolchain/gcc-arm/bin/../lib/gcc/arm-none-eabi/6.3.1/thumb/v7-m/crtn.o
                0x0000000008002a0c                . = ALIGN (0x4)
                0x0000000008002a0c                _etext = .

.vfp11_veneer   0x0000000008002a0c        0x0
 .vfp11_veneer  0x0000000008002a0c        0x0 linker stubs

.v4_bx          0x0000000008002a0c        0x0
 .v4_bx         0x0000000008002a0c        0x0 linker stubs

.iplt           0x0000000008002a0c        0x0
 .iplt          0x0000000008002a0c        0x0 /home/tdarlic/STM32Toolchain/gcc-arm/bin/../lib/gcc/arm-none-eabi/6.3.1/thumb/v7-m/crtbegin.o

.rodata         0x0000000008002a0c       0x80
                0x0000000008002a0c                . = ALIGN (0x4)
 *(.rodata)
 .rodata        0x0000000008002a0c       0x28 ./Src/main.o
 .rodata        0x0000000008002a34       0x12 ./Drivers/STM32F1xx_HAL_Driver/Src/stm32f1xx_hal_rcc.o
 *(.rodata*)
 *fill*         0x0000000008002a46        0x2 
 .rodata.MX_USART2_UART_Init.str1.4
                0x0000000008002a48        0xe ./Src/main.o
 *fill*         0x0000000008002a56        0x2 
 .rodata.str1.4
                0x0000000008002a58       0x14 ./Src/main.o
 .rodata.AHBPrescTable
                0x0000000008002a6c       0x10 ./Src/system_stm32f1xx.o
                0x0000000008002a6c                AHBPrescTable
 .rodata.APBPrescTable
                0x0000000008002a7c        0x8 ./Src/system_stm32f1xx.o
                0x0000000008002a7c                APBPrescTable
 .rodata.vTaskStartScheduler.str1.4
                0x0000000008002a84        0x8 ./Middlewares/Third_Party/FreeRTOS/Source/tasks.o
                                          0x5 (size before relaxing)
                0x0000000008002a8c                . = ALIGN (0x4)

.rel.dyn        0x0000000008002a8c        0x0
 .rel.iplt      0x0000000008002a8c        0x0 /home/tdarlic/STM32Toolchain/gcc-arm/bin/../lib/gcc/arm-none-eabi/6.3.1/thumb/v7-m/crtbegin.o

.ARM.extab
 *(.ARM.extab* .gnu.linkonce.armextab.*)

.ARM            0x0000000008002a8c        0x0
                0x0000000008002a8c                __exidx_start = .
 *(.ARM.exidx*)
                0x0000000008002a8c                __exidx_end = .

.preinit_array  0x0000000008002a8c        0x0
                0x0000000008002a8c                PROVIDE (__preinit_array_start, .)
 *(.preinit_array*)
                0x0000000008002a8c                PROVIDE (__preinit_array_end, .)

.init_array     0x0000000008002a8c        0x4
                0x0000000008002a8c                PROVIDE (__init_array_start, .)
 *(SORT(.init_array.*))
 *(.init_array*)
 .init_array    0x0000000008002a8c        0x4 /home/tdarlic/STM32Toolchain/gcc-arm/bin/../lib/gcc/arm-none-eabi/6.3.1/thumb/v7-m/crtbegin.o
                0x0000000008002a90                PROVIDE (__init_array_end, .)

.fini_array     0x0000000008002a90        0x4
                [!provide]                        PROVIDE (__fini_array_start, .)
 *(SORT(.fini_array.*))
 *(.fini_array*)
 .fini_array    0x0000000008002a90        0x4 /home/tdarlic/STM32Toolchain/gcc-arm/bin/../lib/gcc/arm-none-eabi/6.3.1/thumb/v7-m/crtbegin.o
                [!provide]                        PROVIDE (__fini_array_end, .)
                0x0000000008002a94                _sidata = LOADADDR (.data)

.data           0x0000000020000000       0x24 load address 0x0000000008002a94
                0x0000000020000000                . = ALIGN (0x4)
                0x0000000020000000                _sdata = .
 *(.data)
 *(.data*)
 .data.SystemCoreClock
                0x0000000020000000        0x4 ./Src/system_stm32f1xx.o
                0x0000000020000000                SystemCoreClock
 .data.Stat     0x0000000020000004        0x1 ./Src/user_diskio.o
 *fill*         0x0000000020000005        0x3 
 .data.USER_Driver
                0x0000000020000008       0x14 ./Src/user_diskio.o
                0x0000000020000008                USER_Driver
 .data.uxCriticalNesting
                0x000000002000001c        0x4 ./Middlewares/Third_Party/FreeRTOS/Source/portable/GCC/ARM_CM3/port.o
 .data.uwTickFreq
                0x0000000020000020        0x1 ./Drivers/STM32F1xx_HAL_Driver/Src/stm32f1xx_hal.o
                0x0000000020000020                uwTickFreq
                0x0000000020000024                . = ALIGN (0x4)
 *fill*         0x0000000020000021        0x3 
                0x0000000020000024                _edata = .

.jcr            0x0000000020000024        0x0 load address 0x0000000008002ab8
 .jcr           0x0000000020000024        0x0 /home/tdarlic/STM32Toolchain/gcc-arm/bin/../lib/gcc/arm-none-eabi/6.3.1/thumb/v7-m/crtbegin.o

.igot.plt       0x0000000020000024        0x0 load address 0x0000000008002ab8
 .igot.plt      0x0000000020000024        0x0 /home/tdarlic/STM32Toolchain/gcc-arm/bin/../lib/gcc/arm-none-eabi/6.3.1/thumb/v7-m/crtbegin.o
                0x0000000020000024                . = ALIGN (0x4)

.bss            0x0000000020000024     0x17f4 load address 0x0000000008002ab8
                0x0000000020000024                _sbss = .
                0x0000000020000024                __bss_start__ = _sbss
 *(.bss)
 .bss           0x0000000020000024       0x1c /home/tdarlic/STM32Toolchain/gcc-arm/bin/../lib/gcc/arm-none-eabi/6.3.1/thumb/v7-m/crtbegin.o
 *(.bss*)
 .bss.pxEnd     0x0000000020000040        0x4 ./Middlewares/Third_Party/FreeRTOS/Source/portable/MemMang/heap_4.o
 .bss.ucHeap    0x0000000020000044      0xc00 ./Middlewares/Third_Party/FreeRTOS/Source/portable/MemMang/heap_4.o
 .bss.xBlockAllocatedBit
                0x0000000020000c44        0x4 ./Middlewares/Third_Party/FreeRTOS/Source/portable/MemMang/heap_4.o
 .bss.xFreeBytesRemaining
                0x0000000020000c48        0x4 ./Middlewares/Third_Party/FreeRTOS/Source/portable/MemMang/heap_4.o
 .bss.xMinimumEverFreeBytesRemaining
                0x0000000020000c4c        0x4 ./Middlewares/Third_Party/FreeRTOS/Source/portable/MemMang/heap_4.o
 .bss.xStart    0x0000000020000c50        0x8 ./Middlewares/Third_Party/FreeRTOS/Source/portable/MemMang/heap_4.o
 .bss.ucMaxSysCallPriority
                0x0000000020000c58        0x1 ./Middlewares/Third_Party/FreeRTOS/Source/portable/GCC/ARM_CM3/port.o
 *fill*         0x0000000020000c59        0x3 
 .bss.ulMaxPRIGROUPValue
                0x0000000020000c5c        0x4 ./Middlewares/Third_Party/FreeRTOS/Source/portable/GCC/ARM_CM3/port.o
 .bss.pxCurrentTCB
                0x0000000020000c60        0x4 ./Middlewares/Third_Party/FreeRTOS/Source/tasks.o
                0x0000000020000c60                pxCurrentTCB
 .bss.pxDelayedTaskList
                0x0000000020000c64        0x4 ./Middlewares/Third_Party/FreeRTOS/Source/tasks.o
 .bss.pxOverflowDelayedTaskList
                0x0000000020000c68        0x4 ./Middlewares/Third_Party/FreeRTOS/Source/tasks.o
 .bss.pxReadyTasksLists
                0x0000000020000c6c       0x8c ./Middlewares/Third_Party/FreeRTOS/Source/tasks.o
 .bss.uxCurrentNumberOfTasks
                0x0000000020000cf8        0x4 ./Middlewares/Third_Party/FreeRTOS/Source/tasks.o
 .bss.uxDeletedTasksWaitingCleanUp
                0x0000000020000cfc        0x4 ./Middlewares/Third_Party/FreeRTOS/Source/tasks.o
 .bss.uxPendedTicks
                0x0000000020000d00        0x4 ./Middlewares/Third_Party/FreeRTOS/Source/tasks.o
 .bss.uxSchedulerSuspended
                0x0000000020000d04        0x4 ./Middlewares/Third_Party/FreeRTOS/Source/tasks.o
 .bss.uxTaskNumber
                0x0000000020000d08        0x4 ./Middlewares/Third_Party/FreeRTOS/Source/tasks.o
 .bss.uxTopReadyPriority
                0x0000000020000d0c        0x4 ./Middlewares/Third_Party/FreeRTOS/Source/tasks.o
 .bss.xDelayedTaskList1
                0x0000000020000d10       0x14 ./Middlewares/Third_Party/FreeRTOS/Source/tasks.o
 .bss.xDelayedTaskList2
                0x0000000020000d24       0x14 ./Middlewares/Third_Party/FreeRTOS/Source/tasks.o
 .bss.xIdleTaskHandle
                0x0000000020000d38        0x4 ./Middlewares/Third_Party/FreeRTOS/Source/tasks.o
 .bss.xNextTaskUnblockTime
                0x0000000020000d3c        0x4 ./Middlewares/Third_Party/FreeRTOS/Source/tasks.o
 .bss.xNumOfOverflows
                0x0000000020000d40        0x4 ./Middlewares/Third_Party/FreeRTOS/Source/tasks.o
 .bss.xPendingReadyList
                0x0000000020000d44       0x14 ./Middlewares/Third_Party/FreeRTOS/Source/tasks.o
 .bss.xSchedulerRunning
                0x0000000020000d58        0x4 ./Middlewares/Third_Party/FreeRTOS/Source/tasks.o
 .bss.xSuspendedTaskList
                0x0000000020000d5c       0x14 ./Middlewares/Third_Party/FreeRTOS/Source/tasks.o
 .bss.xTasksWaitingTermination
                0x0000000020000d70       0x14 ./Middlewares/Third_Party/FreeRTOS/Source/tasks.o
 .bss.xTickCount
                0x0000000020000d84        0x4 ./Middlewares/Third_Party/FreeRTOS/Source/tasks.o
 .bss.xYieldPending
                0x0000000020000d88        0x4 ./Middlewares/Third_Party/FreeRTOS/Source/tasks.o
 .bss.disk      0x0000000020000d8c        0xc ./Middlewares/Third_Party/FatFs/src/ff_gen_drv.o
                0x0000000020000d8c                disk
 *(COMMON)
 COMMON         0x0000000020000d98      0x468 ./Src/fatfs.o
                0x0000000020000d98                USERPath
                0x0000000020000d9c                retUSER
                0x0000000020000da0                USERFile
                0x0000000020000fcc                USERFatFS
 COMMON         0x0000000020001200      0x5d4 ./Src/main.o
                0x0000000020001200                defaultTaskHandle
                0x0000000020001204                hspi2
                0x000000002000125c                hi2c2
                0x00000000200012b0                hcan
                0x00000000200012f4                huart1
                0x0000000020001334                huart2
                0x0000000020001374                hpcd_USB_FS
 COMMON         0x00000000200017d4       0x40 ./Src/stm32f1xx_hal_timebase_TIM.o
                0x00000000200017d4                htim1
 COMMON         0x0000000020001814        0x4 ./Drivers/STM32F1xx_HAL_Driver/Src/stm32f1xx_hal.o
                0x0000000020001814                uwTick
                0x0000000020001818                . = ALIGN (0x4)
                0x0000000020001818                _ebss = .
                0x0000000020001818                __bss_end__ = _ebss

._user_heap_stack
                0x0000000020001818      0x600 load address 0x0000000008002ab8
                0x0000000020001818                . = ALIGN (0x8)
                [!provide]                        PROVIDE (end, .)
                [!provide]                        PROVIDE (_end, .)
                0x0000000020001a18                . = (. + _Min_Heap_Size)
 *fill*         0x0000000020001818      0x200 
                0x0000000020001e18                . = (. + _Min_Stack_Size)
 *fill*         0x0000000020001a18      0x400 
                0x0000000020001e18                . = ALIGN (0x8)

/DISCARD/
 libc.a(*)
 libm.a(*)
 libgcc.a(*)

.ARM.attributes
                0x0000000000000000       0x29
 *(.ARM.attributes)
 .ARM.attributes
                0x0000000000000000       0x1d /home/tdarlic/STM32Toolchain/gcc-arm/bin/../lib/gcc/arm-none-eabi/6.3.1/thumb/v7-m/crti.o
 .ARM.attributes
                0x000000000000001d       0x2d /home/tdarlic/STM32Toolchain/gcc-arm/bin/../lib/gcc/arm-none-eabi/6.3.1/thumb/v7-m/crtbegin.o
 .ARM.attributes
                0x000000000000004a       0x21 ./startup/startup_stm32f103xb.o
 .ARM.attributes
                0x000000000000006b       0x33 ./Src/fatfs.o
 .ARM.attributes
                0x000000000000009e       0x33 ./Src/main.o
 .ARM.attributes
                0x00000000000000d1       0x33 ./Src/stm32f1xx_hal_msp.o
 .ARM.attributes
                0x0000000000000104       0x33 ./Src/stm32f1xx_hal_timebase_TIM.o
 .ARM.attributes
                0x0000000000000137       0x33 ./Src/stm32f1xx_it.o
 .ARM.attributes
                0x000000000000016a       0x33 ./Src/system_stm32f1xx.o
 .ARM.attributes
                0x000000000000019d       0x33 ./Src/user_diskio.o
 .ARM.attributes
                0x00000000000001d0       0x33 ./Middlewares/Third_Party/FreeRTOS/Source/portable/MemMang/heap_4.o
 .ARM.attributes
                0x0000000000000203       0x33 ./Middlewares/Third_Party/FreeRTOS/Source/portable/GCC/ARM_CM3/port.o
 .ARM.attributes
                0x0000000000000236       0x33 ./Middlewares/Third_Party/FreeRTOS/Source/CMSIS_RTOS/cmsis_os.o
 .ARM.attributes
                0x0000000000000269       0x33 ./Middlewares/Third_Party/FreeRTOS/Source/list.o
 .ARM.attributes
                0x000000000000029c       0x33 ./Middlewares/Third_Party/FreeRTOS/Source/tasks.o
 .ARM.attributes
                0x00000000000002cf       0x33 ./Middlewares/Third_Party/FatFs/src/ff_gen_drv.o
 .ARM.attributes
                0x0000000000000302       0x33 ./Drivers/STM32F1xx_HAL_Driver/Src/stm32f1xx_hal.o
 .ARM.attributes
                0x0000000000000335       0x33 ./Drivers/STM32F1xx_HAL_Driver/Src/stm32f1xx_hal_can.o
 .ARM.attributes
                0x0000000000000368       0x33 ./Drivers/STM32F1xx_HAL_Driver/Src/stm32f1xx_hal_cortex.o
 .ARM.attributes
                0x000000000000039b       0x33 ./Drivers/STM32F1xx_HAL_Driver/Src/stm32f1xx_hal_gpio.o
 .ARM.attributes
                0x00000000000003ce       0x33 ./Drivers/STM32F1xx_HAL_Driver/Src/stm32f1xx_hal_i2c.o
 .ARM.attributes
                0x0000000000000401       0x33 ./Drivers/STM32F1xx_HAL_Driver/Src/stm32f1xx_hal_pcd.o
 .ARM.attributes
                0x0000000000000434       0x33 ./Drivers/STM32F1xx_HAL_Driver/Src/stm32f1xx_hal_rcc.o
 .ARM.attributes
                0x0000000000000467       0x33 ./Drivers/STM32F1xx_HAL_Driver/Src/stm32f1xx_hal_rcc_ex.o
 .ARM.attributes
                0x000000000000049a       0x33 ./Drivers/STM32F1xx_HAL_Driver/Src/stm32f1xx_hal_spi_ex.o
 .ARM.attributes
                0x00000000000004cd       0x33 ./Drivers/STM32F1xx_HAL_Driver/Src/stm32f1xx_hal_tim.o
 .ARM.attributes
                0x0000000000000500       0x33 ./Drivers/STM32F1xx_HAL_Driver/Src/stm32f1xx_hal_tim_ex.o
 .ARM.attributes
                0x0000000000000533       0x33 ./Drivers/STM32F1xx_HAL_Driver/Src/stm32f1xx_hal_uart.o
 .ARM.attributes
                0x0000000000000566       0x33 ./Drivers/STM32F1xx_HAL_Driver/Src/stm32f1xx_ll_usb.o
 .ARM.attributes
                0x0000000000000599       0x2d /home/tdarlic/STM32Toolchain/gcc-arm/bin/../lib/gcc/arm-none-eabi/6.3.1/../../../../arm-none-eabi/lib/thumb/v7-m/libg_nano.a(lib_a-init.o)
 .ARM.attributes
                0x00000000000005c6       0x1d /home/tdarlic/STM32Toolchain/gcc-arm/bin/../lib/gcc/arm-none-eabi/6.3.1/thumb/v7-m/crtn.o
OUTPUT(OlimexuinoFreeRtos.elf elf32-littlearm)

.debug_line     0x0000000000000000    0x10831
 .debug_line    0x0000000000000000       0x7d ./startup/startup_stm32f103xb.o
 .debug_line    0x000000000000007d      0x997 ./Src/fatfs.o
 .debug_line    0x0000000000000a14      0xaea ./Src/main.o
 .debug_line    0x00000000000014fe      0x7d6 ./Src/stm32f1xx_hal_msp.o
 .debug_line    0x0000000000001cd4      0x6fb ./Src/stm32f1xx_hal_timebase_TIM.o
 .debug_line    0x00000000000023cf      0x95d ./Src/stm32f1xx_it.o
 .debug_line    0x0000000000002d2c      0x216 ./Src/system_stm32f1xx.o
 .debug_line    0x0000000000002f42      0x9de ./Src/user_diskio.o
 .debug_line    0x0000000000003920      0x524 ./Middlewares/Third_Party/FreeRTOS/Source/portable/MemMang/heap_4.o
 .debug_line    0x0000000000003e44      0x3d4 ./Middlewares/Third_Party/FreeRTOS/Source/portable/GCC/ARM_CM3/port.o
 .debug_line    0x0000000000004218      0xacb ./Middlewares/Third_Party/FreeRTOS/Source/CMSIS_RTOS/cmsis_os.o
 .debug_line    0x0000000000004ce3      0x473 ./Middlewares/Third_Party/FreeRTOS/Source/list.o
 .debug_line    0x0000000000005156      0xcd0 ./Middlewares/Third_Party/FreeRTOS/Source/tasks.o
 .debug_line    0x0000000000005e26      0x991 ./Middlewares/Third_Party/FatFs/src/ff_gen_drv.o
 .debug_line    0x00000000000067b7      0x87b ./Drivers/STM32F1xx_HAL_Driver/Src/stm32f1xx_hal.o
 .debug_line    0x0000000000007032      0xc8e ./Drivers/STM32F1xx_HAL_Driver/Src/stm32f1xx_hal_can.o
 .debug_line    0x0000000000007cc0      0x87a ./Drivers/STM32F1xx_HAL_Driver/Src/stm32f1xx_hal_cortex.o
 .debug_line    0x000000000000853a      0x87c ./Drivers/STM32F1xx_HAL_Driver/Src/stm32f1xx_hal_gpio.o
 .debug_line    0x0000000000008db6     0x1968 ./Drivers/STM32F1xx_HAL_Driver/Src/stm32f1xx_hal_i2c.o
 .debug_line    0x000000000000a71e      0xb90 ./Drivers/STM32F1xx_HAL_Driver/Src/stm32f1xx_hal_pcd.o
 .debug_line    0x000000000000b2ae      0x98e ./Drivers/STM32F1xx_HAL_Driver/Src/stm32f1xx_hal_rcc.o
 .debug_line    0x000000000000bc3c      0x789 ./Drivers/STM32F1xx_HAL_Driver/Src/stm32f1xx_hal_rcc_ex.o
 .debug_line    0x000000000000c3c5      0x6f9 ./Drivers/STM32F1xx_HAL_Driver/Src/stm32f1xx_hal_spi_ex.o
 .debug_line    0x000000000000cabe     0x1685 ./Drivers/STM32F1xx_HAL_Driver/Src/stm32f1xx_hal_tim.o
 .debug_line    0x000000000000e143      0xc48 ./Drivers/STM32F1xx_HAL_Driver/Src/stm32f1xx_hal_tim_ex.o
 .debug_line    0x000000000000ed8b      0xfac ./Drivers/STM32F1xx_HAL_Driver/Src/stm32f1xx_hal_uart.o
 .debug_line    0x000000000000fd37      0xafa ./Drivers/STM32F1xx_HAL_Driver/Src/stm32f1xx_ll_usb.o

.debug_info     0x0000000000000000    0x24bca
 .debug_info    0x0000000000000000       0x84 ./startup/startup_stm32f103xb.o
 .debug_info    0x0000000000000084      0xd8f ./Src/fatfs.o
 .debug_info    0x0000000000000e13     0x2d4d ./Src/main.o
 .debug_info    0x0000000000003b60     0x22ae ./Src/stm32f1xx_hal_msp.o
 .debug_info    0x0000000000005e0e     0x1184 ./Src/stm32f1xx_hal_timebase_TIM.o
 .debug_info    0x0000000000006f92      0xe65 ./Src/stm32f1xx_it.o
 .debug_info    0x0000000000007df7      0x3d1 ./Src/system_stm32f1xx.o
 .debug_info    0x00000000000081c8      0xbc5 ./Src/user_diskio.o
 .debug_info    0x0000000000008d8d      0xc62 ./Middlewares/Third_Party/FreeRTOS/Source/portable/MemMang/heap_4.o
 .debug_info    0x00000000000099ef      0x4bc ./Middlewares/Third_Party/FreeRTOS/Source/portable/GCC/ARM_CM3/port.o
 .debug_info    0x0000000000009eab     0x2329 ./Middlewares/Third_Party/FreeRTOS/Source/CMSIS_RTOS/cmsis_os.o
 .debug_info    0x000000000000c1d4      0xac9 ./Middlewares/Third_Party/FreeRTOS/Source/list.o
 .debug_info    0x000000000000cc9d     0x290a ./Middlewares/Third_Party/FreeRTOS/Source/tasks.o
 .debug_info    0x000000000000f5a7      0xc3f ./Middlewares/Third_Party/FatFs/src/ff_gen_drv.o
 .debug_info    0x00000000000101e6      0xf89 ./Drivers/STM32F1xx_HAL_Driver/Src/stm32f1xx_hal.o
 .debug_info    0x000000000001116f     0x147b ./Drivers/STM32F1xx_HAL_Driver/Src/stm32f1xx_hal_can.o
 .debug_info    0x00000000000125ea     0x145a ./Drivers/STM32F1xx_HAL_Driver/Src/stm32f1xx_hal_cortex.o
 .debug_info    0x0000000000013a44      0xe5f ./Drivers/STM32F1xx_HAL_Driver/Src/stm32f1xx_hal_gpio.o
 .debug_info    0x00000000000148a3     0x3776 ./Drivers/STM32F1xx_HAL_Driver/Src/stm32f1xx_hal_i2c.o
 .debug_info    0x0000000000018019     0x19a8 ./Drivers/STM32F1xx_HAL_Driver/Src/stm32f1xx_hal_pcd.o
 .debug_info    0x00000000000199c1     0x11c7 ./Drivers/STM32F1xx_HAL_Driver/Src/stm32f1xx_hal_rcc.o
 .debug_info    0x000000000001ab88      0xc4a ./Drivers/STM32F1xx_HAL_Driver/Src/stm32f1xx_hal_rcc_ex.o
 .debug_info    0x000000000001b7d2      0xdfc ./Drivers/STM32F1xx_HAL_Driver/Src/stm32f1xx_hal_spi_ex.o
 .debug_info    0x000000000001c5ce     0x3629 ./Drivers/STM32F1xx_HAL_Driver/Src/stm32f1xx_hal_tim.o
 .debug_info    0x000000000001fbf7     0x1a7d ./Drivers/STM32F1xx_HAL_Driver/Src/stm32f1xx_hal_tim_ex.o
 .debug_info    0x0000000000021674     0x1e52 ./Drivers/STM32F1xx_HAL_Driver/Src/stm32f1xx_hal_uart.o
 .debug_info    0x00000000000234c6     0x1704 ./Drivers/STM32F1xx_HAL_Driver/Src/stm32f1xx_ll_usb.o

.debug_abbrev   0x0000000000000000     0x488f
 .debug_abbrev  0x0000000000000000       0x12 ./startup/startup_stm32f103xb.o
 .debug_abbrev  0x0000000000000012      0x266 ./Src/fatfs.o
 .debug_abbrev  0x0000000000000278      0x37d ./Src/main.o
 .debug_abbrev  0x00000000000005f5      0x2cd ./Src/stm32f1xx_hal_msp.o
 .debug_abbrev  0x00000000000008c2      0x295 ./Src/stm32f1xx_hal_timebase_TIM.o
 .debug_abbrev  0x0000000000000b57      0x21d ./Src/stm32f1xx_it.o
 .debug_abbrev  0x0000000000000d74      0x132 ./Src/system_stm32f1xx.o
 .debug_abbrev  0x0000000000000ea6      0x243 ./Src/user_diskio.o
 .debug_abbrev  0x00000000000010e9      0x318 ./Middlewares/Third_Party/FreeRTOS/Source/portable/MemMang/heap_4.o
 .debug_abbrev  0x0000000000001401      0x24e ./Middlewares/Third_Party/FreeRTOS/Source/portable/GCC/ARM_CM3/port.o
 .debug_abbrev  0x000000000000164f      0x3d0 ./Middlewares/Third_Party/FreeRTOS/Source/CMSIS_RTOS/cmsis_os.o
 .debug_abbrev  0x0000000000001a1f      0x21c ./Middlewares/Third_Party/FreeRTOS/Source/list.o
 .debug_abbrev  0x0000000000001c3b      0x3cd ./Middlewares/Third_Party/FreeRTOS/Source/tasks.o
 .debug_abbrev  0x0000000000002008      0x274 ./Middlewares/Third_Party/FatFs/src/ff_gen_drv.o
 .debug_abbrev  0x000000000000227c      0x2f2 ./Drivers/STM32F1xx_HAL_Driver/Src/stm32f1xx_hal.o
 .debug_abbrev  0x000000000000256e      0x2dc ./Drivers/STM32F1xx_HAL_Driver/Src/stm32f1xx_hal_can.o
 .debug_abbrev  0x000000000000284a      0x3cb ./Drivers/STM32F1xx_HAL_Driver/Src/stm32f1xx_hal_cortex.o
 .debug_abbrev  0x0000000000002c15      0x2a5 ./Drivers/STM32F1xx_HAL_Driver/Src/stm32f1xx_hal_gpio.o
 .debug_abbrev  0x0000000000002eba      0x306 ./Drivers/STM32F1xx_HAL_Driver/Src/stm32f1xx_hal_i2c.o
 .debug_abbrev  0x00000000000031c0      0x355 ./Drivers/STM32F1xx_HAL_Driver/Src/stm32f1xx_hal_pcd.o
 .debug_abbrev  0x0000000000003515      0x333 ./Drivers/STM32F1xx_HAL_Driver/Src/stm32f1xx_hal_rcc.o
 .debug_abbrev  0x0000000000003848      0x2b2 ./Drivers/STM32F1xx_HAL_Driver/Src/stm32f1xx_hal_rcc_ex.o
 .debug_abbrev  0x0000000000003afa      0x207 ./Drivers/STM32F1xx_HAL_Driver/Src/stm32f1xx_hal_spi_ex.o
 .debug_abbrev  0x0000000000003d01      0x2eb ./Drivers/STM32F1xx_HAL_Driver/Src/stm32f1xx_hal_tim.o
 .debug_abbrev  0x0000000000003fec      0x2dc ./Drivers/STM32F1xx_HAL_Driver/Src/stm32f1xx_hal_tim_ex.o
 .debug_abbrev  0x00000000000042c8      0x306 ./Drivers/STM32F1xx_HAL_Driver/Src/stm32f1xx_hal_uart.o
 .debug_abbrev  0x00000000000045ce      0x2c1 ./Drivers/STM32F1xx_HAL_Driver/Src/stm32f1xx_ll_usb.o

.debug_aranges  0x0000000000000000     0x1520
 .debug_aranges
                0x0000000000000000       0x28 ./startup/startup_stm32f103xb.o
 .debug_aranges
                0x0000000000000028       0x28 ./Src/fatfs.o
 .debug_aranges
                0x0000000000000050       0x80 ./Src/main.o
 .debug_aranges
                0x00000000000000d0       0x70 ./Src/stm32f1xx_hal_msp.o
 .debug_aranges
                0x0000000000000140       0x30 ./Src/stm32f1xx_hal_timebase_TIM.o
 .debug_aranges
                0x0000000000000170       0x58 ./Src/stm32f1xx_it.o
 .debug_aranges
                0x00000000000001c8       0x28 ./Src/system_stm32f1xx.o
 .debug_aranges
                0x00000000000001f0       0x40 ./Src/user_diskio.o
 .debug_aranges
                0x0000000000000230       0x50 ./Middlewares/Third_Party/FreeRTOS/Source/portable/MemMang/heap_4.o
 .debug_aranges
                0x0000000000000280       0x78 ./Middlewares/Third_Party/FreeRTOS/Source/portable/GCC/ARM_CM3/port.o
 .debug_aranges
                0x00000000000002f8      0x1d8 ./Middlewares/Third_Party/FreeRTOS/Source/CMSIS_RTOS/cmsis_os.o
 .debug_aranges
                0x00000000000004d0       0x40 ./Middlewares/Third_Party/FreeRTOS/Source/list.o
 .debug_aranges
                0x0000000000000510      0x190 ./Middlewares/Third_Party/FreeRTOS/Source/tasks.o
 .debug_aranges
                0x00000000000006a0       0x40 ./Middlewares/Third_Party/FatFs/src/ff_gen_drv.o
 .debug_aranges
                0x00000000000006e0       0xd0 ./Drivers/STM32F1xx_HAL_Driver/Src/stm32f1xx_hal.o
 .debug_aranges
                0x00000000000007b0       0xb0 ./Drivers/STM32F1xx_HAL_Driver/Src/stm32f1xx_hal_can.o
 .debug_aranges
                0x0000000000000860       0x90 ./Drivers/STM32F1xx_HAL_Driver/Src/stm32f1xx_hal_cortex.o
 .debug_aranges
                0x00000000000008f0       0x58 ./Drivers/STM32F1xx_HAL_Driver/Src/stm32f1xx_hal_gpio.o
 .debug_aranges
                0x0000000000000948      0x268 ./Drivers/STM32F1xx_HAL_Driver/Src/stm32f1xx_hal_i2c.o
 .debug_aranges
                0x0000000000000bb0      0x120 ./Drivers/STM32F1xx_HAL_Driver/Src/stm32f1xx_hal_pcd.o
 .debug_aranges
                0x0000000000000cd0       0x90 ./Drivers/STM32F1xx_HAL_Driver/Src/stm32f1xx_hal_rcc.o
 .debug_aranges
                0x0000000000000d60       0x30 ./Drivers/STM32F1xx_HAL_Driver/Src/stm32f1xx_hal_rcc_ex.o
 .debug_aranges
                0x0000000000000d90       0x20 ./Drivers/STM32F1xx_HAL_Driver/Src/stm32f1xx_hal_spi_ex.o
 .debug_aranges
                0x0000000000000db0      0x368 ./Drivers/STM32F1xx_HAL_Driver/Src/stm32f1xx_hal_tim.o
 .debug_aranges
                0x0000000000001118      0x138 ./Drivers/STM32F1xx_HAL_Driver/Src/stm32f1xx_hal_tim_ex.o
 .debug_aranges
                0x0000000000001250      0x1d0 ./Drivers/STM32F1xx_HAL_Driver/Src/stm32f1xx_hal_uart.o
 .debug_aranges
                0x0000000000001420      0x100 ./Drivers/STM32F1xx_HAL_Driver/Src/stm32f1xx_ll_usb.o

.debug_ranges   0x0000000000000000     0x15d8
 .debug_ranges  0x0000000000000000       0x20 ./startup/startup_stm32f103xb.o
 .debug_ranges  0x0000000000000020       0x18 ./Src/fatfs.o
 .debug_ranges  0x0000000000000038       0x70 ./Src/main.o
 .debug_ranges  0x00000000000000a8       0x60 ./Src/stm32f1xx_hal_msp.o
 .debug_ranges  0x0000000000000108       0x20 ./Src/stm32f1xx_hal_timebase_TIM.o
 .debug_ranges  0x0000000000000128       0x48 ./Src/stm32f1xx_it.o
 .debug_ranges  0x0000000000000170       0x18 ./Src/system_stm32f1xx.o
 .debug_ranges  0x0000000000000188       0x30 ./Src/user_diskio.o
 .debug_ranges  0x00000000000001b8       0x40 ./Middlewares/Third_Party/FreeRTOS/Source/portable/MemMang/heap_4.o
 .debug_ranges  0x00000000000001f8       0x68 ./Middlewares/Third_Party/FreeRTOS/Source/portable/GCC/ARM_CM3/port.o
 .debug_ranges  0x0000000000000260      0x1c8 ./Middlewares/Third_Party/FreeRTOS/Source/CMSIS_RTOS/cmsis_os.o
 .debug_ranges  0x0000000000000428       0x30 ./Middlewares/Third_Party/FreeRTOS/Source/list.o
 .debug_ranges  0x0000000000000458      0x228 ./Middlewares/Third_Party/FreeRTOS/Source/tasks.o
 .debug_ranges  0x0000000000000680       0x30 ./Middlewares/Third_Party/FatFs/src/ff_gen_drv.o
 .debug_ranges  0x00000000000006b0       0xc0 ./Drivers/STM32F1xx_HAL_Driver/Src/stm32f1xx_hal.o
 .debug_ranges  0x0000000000000770       0xa0 ./Drivers/STM32F1xx_HAL_Driver/Src/stm32f1xx_hal_can.o
 .debug_ranges  0x0000000000000810       0xe0 ./Drivers/STM32F1xx_HAL_Driver/Src/stm32f1xx_hal_cortex.o
 .debug_ranges  0x00000000000008f0       0x48 ./Drivers/STM32F1xx_HAL_Driver/Src/stm32f1xx_hal_gpio.o
 .debug_ranges  0x0000000000000938      0x258 ./Drivers/STM32F1xx_HAL_Driver/Src/stm32f1xx_hal_i2c.o
 .debug_ranges  0x0000000000000b90      0x140 ./Drivers/STM32F1xx_HAL_Driver/Src/stm32f1xx_hal_pcd.o
 .debug_ranges  0x0000000000000cd0       0xa0 ./Drivers/STM32F1xx_HAL_Driver/Src/stm32f1xx_hal_rcc.o
 .debug_ranges  0x0000000000000d70       0x38 ./Drivers/STM32F1xx_HAL_Driver/Src/stm32f1xx_hal_rcc_ex.o
 .debug_ranges  0x0000000000000da8       0x10 ./Drivers/STM32F1xx_HAL_Driver/Src/stm32f1xx_hal_spi_ex.o
 .debug_ranges  0x0000000000000db8      0x358 ./Drivers/STM32F1xx_HAL_Driver/Src/stm32f1xx_hal_tim.o
 .debug_ranges  0x0000000000001110      0x128 ./Drivers/STM32F1xx_HAL_Driver/Src/stm32f1xx_hal_tim_ex.o
 .debug_ranges  0x0000000000001238      0x1c0 ./Drivers/STM32F1xx_HAL_Driver/Src/stm32f1xx_hal_uart.o
 .debug_ranges  0x00000000000013f8      0x1e0 ./Drivers/STM32F1xx_HAL_Driver/Src/stm32f1xx_ll_usb.o

.debug_macro    0x0000000000000000    0x19914
 .debug_macro   0x0000000000000000      0x424 ./Src/fatfs.o
 .debug_macro   0x0000000000000424      0x8aa ./Src/fatfs.o
 .debug_macro   0x0000000000000cce       0x58 ./Src/fatfs.o
 .debug_macro   0x0000000000000d26      0x181 ./Src/fatfs.o
 .debug_macro   0x0000000000000ea7       0x2e ./Src/fatfs.o
 .debug_macro   0x0000000000000ed5       0x22 ./Src/fatfs.o
 .debug_macro   0x0000000000000ef7      0x34e ./Src/fatfs.o
 .debug_macro   0x0000000000001245       0x34 ./Src/fatfs.o
 .debug_macro   0x0000000000001279       0x34 ./Src/fatfs.o
 .debug_macro   0x00000000000012ad      0xb8e ./Src/fatfs.o
 .debug_macro   0x0000000000001e3b     0xe90a ./Src/fatfs.o
 .debug_macro   0x0000000000010745       0x43 ./Src/fatfs.o
 .debug_macro   0x0000000000010788       0x22 ./Src/fatfs.o
 .debug_macro   0x00000000000107aa       0x52 ./Src/fatfs.o
 .debug_macro   0x00000000000107fc       0x8d ./Src/fatfs.o
 .debug_macro   0x0000000000010889       0x35 ./Src/fatfs.o
 .debug_macro   0x00000000000108be       0x9c ./Src/fatfs.o
 .debug_macro   0x000000000001095a       0x16 ./Src/fatfs.o
 .debug_macro   0x0000000000010970       0x57 ./Src/fatfs.o
 .debug_macro   0x00000000000109c7       0x97 ./Src/fatfs.o
 .debug_macro   0x0000000000010a5e      0x330 ./Src/fatfs.o
 .debug_macro   0x0000000000010d8e       0xfd ./Src/fatfs.o
 .debug_macro   0x0000000000010e8b       0x10 ./Src/fatfs.o
 .debug_macro   0x0000000000010e9b       0x58 ./Src/fatfs.o
 .debug_macro   0x0000000000010ef3       0x1f ./Src/fatfs.o
 .debug_macro   0x0000000000010f12       0x43 ./Src/fatfs.o
 .debug_macro   0x0000000000010f55       0x20 ./Src/fatfs.o
 .debug_macro   0x0000000000010f75      0x187 ./Src/fatfs.o
 .debug_macro   0x00000000000110fc       0x10 ./Src/fatfs.o
 .debug_macro   0x000000000001110c       0x6a ./Src/fatfs.o
 .debug_macro   0x0000000000011176       0x1c ./Src/fatfs.o
 .debug_macro   0x0000000000011192       0x52 ./Src/fatfs.o
 .debug_macro   0x00000000000111e4       0x40 ./Src/fatfs.o
 .debug_macro   0x0000000000011224       0x10 ./Src/fatfs.o
 .debug_macro   0x0000000000011234       0x40 ./Src/fatfs.o
 .debug_macro   0x0000000000011274       0xd7 ./Src/fatfs.o
 .debug_macro   0x000000000001134b       0x16 ./Src/fatfs.o
 .debug_macro   0x0000000000011361      0x18b ./Src/fatfs.o
 .debug_macro   0x00000000000114ec       0x57 ./Src/fatfs.o
 .debug_macro   0x0000000000011543      0x5c2 ./Src/fatfs.o
 .debug_macro   0x0000000000011b05      0x28a ./Src/fatfs.o
 .debug_macro   0x0000000000011d8f      0x1cb ./Src/fatfs.o
 .debug_macro   0x0000000000011f5a      0x11e ./Src/fatfs.o
 .debug_macro   0x0000000000012078      0x1b3 ./Src/fatfs.o
 .debug_macro   0x000000000001222b       0x27 ./Src/fatfs.o
 .debug_macro   0x0000000000012252      0x1bc ./Src/fatfs.o
 .debug_macro   0x000000000001240e       0x34 ./Src/fatfs.o
 .debug_macro   0x0000000000012442       0x3c ./Src/fatfs.o
 .debug_macro   0x000000000001247e      0x3a6 ./Src/fatfs.o
 .debug_macro   0x0000000000012824       0x10 ./Src/fatfs.o
 .debug_macro   0x0000000000012834       0x74 ./Src/fatfs.o
 .debug_macro   0x00000000000128a8       0x57 ./Src/fatfs.o
 .debug_macro   0x00000000000128ff       0x8c ./Src/fatfs.o
 .debug_macro   0x000000000001298b      0x242 ./Src/fatfs.o
 .debug_macro   0x0000000000012bcd      0x264 ./Src/fatfs.o
 .debug_macro   0x0000000000012e31      0x143 ./Src/fatfs.o
 .debug_macro   0x0000000000012f74      0x1f4 ./Src/fatfs.o
 .debug_macro   0x0000000000013168      0x84c ./Src/fatfs.o
 .debug_macro   0x00000000000139b4       0x1f ./Src/fatfs.o
 .debug_macro   0x00000000000139d3      0x26b ./Src/fatfs.o
 .debug_macro   0x0000000000013c3e       0x50 ./Src/fatfs.o
 .debug_macro   0x0000000000013c8e      0x26c ./Src/fatfs.o
 .debug_macro   0x0000000000013efa       0x83 ./Src/fatfs.o
 .debug_macro   0x0000000000013f7d       0xd8 ./Src/fatfs.o
 .debug_macro   0x0000000000014055      0x168 ./Src/fatfs.o
 .debug_macro   0x00000000000141bd       0xe4 ./Src/fatfs.o
 .debug_macro   0x00000000000142a1       0x10 ./Src/fatfs.o
 .debug_macro   0x00000000000142b1       0x1f ./Src/fatfs.o
 .debug_macro   0x00000000000142d0      0x40f ./Src/fatfs.o
 .debug_macro   0x00000000000146df       0xc0 ./Src/fatfs.o
 .debug_macro   0x000000000001479f       0x8c ./Src/fatfs.o
 .debug_macro   0x000000000001482b       0x91 ./Src/fatfs.o
 .debug_macro   0x00000000000148bc       0x94 ./Src/fatfs.o
 .debug_macro   0x0000000000014950       0x63 ./Src/fatfs.o
 .debug_macro   0x00000000000149b3       0x19 ./Src/fatfs.o
 .debug_macro   0x00000000000149cc       0xcf ./Src/fatfs.o
 .debug_macro   0x0000000000014a9b       0xda ./Src/fatfs.o
 .debug_macro   0x0000000000014b75       0xee ./Src/fatfs.o
 .debug_macro   0x0000000000014c63       0x8e ./Src/fatfs.o
 .debug_macro   0x0000000000014cf1      0x42c ./Src/main.o
 .debug_macro   0x000000000001511d      0x31d ./Src/stm32f1xx_hal_msp.o
 .debug_macro   0x000000000001543a      0x31d ./Src/stm32f1xx_hal_timebase_TIM.o
 .debug_macro   0x0000000000015757      0x3db ./Src/stm32f1xx_it.o
 .debug_macro   0x0000000000015b32       0x92 ./Src/system_stm32f1xx.o
 .debug_macro   0x0000000000015bc4      0x432 ./Src/user_diskio.o
 .debug_macro   0x0000000000015ff6       0x10 ./Src/user_diskio.o
 .debug_macro   0x0000000000016006       0x35 ./Src/user_diskio.o
 .debug_macro   0x000000000001603b       0x16 ./Src/user_diskio.o
 .debug_macro   0x0000000000016051       0x7c ./Src/user_diskio.o
 .debug_macro   0x00000000000160cd       0x1c ./Src/user_diskio.o
 .debug_macro   0x00000000000160e9      0x19a ./Middlewares/Third_Party/FreeRTOS/Source/portable/MemMang/heap_4.o
 .debug_macro   0x0000000000016283       0x16 ./Middlewares/Third_Party/FreeRTOS/Source/portable/MemMang/heap_4.o
 .debug_macro   0x0000000000016299      0x10e ./Middlewares/Third_Party/FreeRTOS/Source/portable/MemMang/heap_4.o
 .debug_macro   0x00000000000163a7       0x8d ./Middlewares/Third_Party/FreeRTOS/Source/portable/MemMang/heap_4.o
 .debug_macro   0x0000000000016434       0x16 ./Middlewares/Third_Party/FreeRTOS/Source/portable/MemMang/heap_4.o
 .debug_macro   0x000000000001644a       0x29 ./Middlewares/Third_Party/FreeRTOS/Source/portable/MemMang/heap_4.o
 .debug_macro   0x0000000000016473      0x146 ./Middlewares/Third_Party/FreeRTOS/Source/portable/GCC/ARM_CM3/port.o
 .debug_macro   0x00000000000165b9      0x1db ./Middlewares/Third_Party/FreeRTOS/Source/CMSIS_RTOS/cmsis_os.o
 .debug_macro   0x0000000000016794       0x26 ./Middlewares/Third_Party/FreeRTOS/Source/CMSIS_RTOS/cmsis_os.o
 .debug_macro   0x00000000000167ba      0x173 ./Middlewares/Third_Party/FreeRTOS/Source/list.o
 .debug_macro   0x000000000001692d      0x252 ./Middlewares/Third_Party/FreeRTOS/Source/tasks.o
 .debug_macro   0x0000000000016b7f       0x11 ./Middlewares/Third_Party/FreeRTOS/Source/tasks.o
 .debug_macro   0x0000000000016b90      0x411 ./Middlewares/Third_Party/FatFs/src/ff_gen_drv.o
 .debug_macro   0x0000000000016fa1      0x341 ./Drivers/STM32F1xx_HAL_Driver/Src/stm32f1xx_hal.o
 .debug_macro   0x00000000000172e2      0x324 ./Drivers/STM32F1xx_HAL_Driver/Src/stm32f1xx_hal_can.o
 .debug_macro   0x0000000000017606      0x31d ./Drivers/STM32F1xx_HAL_Driver/Src/stm32f1xx_hal_cortex.o
 .debug_macro   0x0000000000017923      0x38d ./Drivers/STM32F1xx_HAL_Driver/Src/stm32f1xx_hal_gpio.o
 .debug_macro   0x0000000000017cb0      0x35d ./Drivers/STM32F1xx_HAL_Driver/Src/stm32f1xx_hal_i2c.o
 .debug_macro   0x000000000001800d      0x329 ./Drivers/STM32F1xx_HAL_Driver/Src/stm32f1xx_hal_pcd.o
 .debug_macro   0x0000000000018336      0x32f ./Drivers/STM32F1xx_HAL_Driver/Src/stm32f1xx_hal_rcc.o
 .debug_macro   0x0000000000018665      0x31d ./Drivers/STM32F1xx_HAL_Driver/Src/stm32f1xx_hal_rcc_ex.o
 .debug_macro   0x0000000000018982      0x31d ./Drivers/STM32F1xx_HAL_Driver/Src/stm32f1xx_hal_spi_ex.o
 .debug_macro   0x0000000000018c9f      0x31d ./Drivers/STM32F1xx_HAL_Driver/Src/stm32f1xx_hal_tim.o
 .debug_macro   0x0000000000018fbc      0x31d ./Drivers/STM32F1xx_HAL_Driver/Src/stm32f1xx_hal_tim_ex.o
 .debug_macro   0x00000000000192d9      0x31e ./Drivers/STM32F1xx_HAL_Driver/Src/stm32f1xx_hal_uart.o
 .debug_macro   0x00000000000195f7      0x31d ./Drivers/STM32F1xx_HAL_Driver/Src/stm32f1xx_ll_usb.o

.debug_str      0x0000000000000000    0x8244c
 .debug_str     0x0000000000000000    0x7ae5c ./Src/fatfs.o
                                      0x7b206 (size before relaxing)
 .debug_str     0x000000000007ae5c     0x15e5 ./Src/main.o
                                      0x7c900 (size before relaxing)
 .debug_str     0x000000000007c441      0x139 ./Src/stm32f1xx_hal_msp.o
                                      0x7679f (size before relaxing)
 .debug_str     0x000000000007c57a      0x11d ./Src/stm32f1xx_hal_timebase_TIM.o
                                      0x75ee6 (size before relaxing)
 .debug_str     0x000000000007c697       0xc1 ./Src/stm32f1xx_it.o
                                      0x7ad0c (size before relaxing)
 .debug_str     0x000000000007c758       0xe3 ./Src/system_stm32f1xx.o
                                      0x54ecb (size before relaxing)
 .debug_str     0x000000000007c83b       0x7a ./Src/user_diskio.o
                                      0x7b11c (size before relaxing)
 .debug_str     0x000000000007c8b5      0x3ea ./Middlewares/Third_Party/FreeRTOS/Source/portable/MemMang/heap_4.o
                                       0x9cab (size before relaxing)
 .debug_str     0x000000000007cc9f      0x75e ./Middlewares/Third_Party/FreeRTOS/Source/portable/GCC/ARM_CM3/port.o
                                       0x7160 (size before relaxing)
 .debug_str     0x000000000007d3fd      0x916 ./Middlewares/Third_Party/FreeRTOS/Source/CMSIS_RTOS/cmsis_os.o
                                       0xc2cb (size before relaxing)
 .debug_str     0x000000000007dd13      0x13d ./Middlewares/Third_Party/FreeRTOS/Source/list.o
                                       0x9575 (size before relaxing)
 .debug_str     0x000000000007de50      0xfc8 ./Middlewares/Third_Party/FreeRTOS/Source/tasks.o
                                       0xb5e6 (size before relaxing)
 .debug_str     0x000000000007ee18       0xba ./Middlewares/Third_Party/FatFs/src/ff_gen_drv.o
                                      0x7b156 (size before relaxing)
 .debug_str     0x000000000007eed2      0x3c3 ./Drivers/STM32F1xx_HAL_Driver/Src/stm32f1xx_hal.o
                                      0x75e30 (size before relaxing)
 .debug_str     0x000000000007f295      0x244 ./Drivers/STM32F1xx_HAL_Driver/Src/stm32f1xx_hal_can.o
                                      0x75c81 (size before relaxing)
 .debug_str     0x000000000007f4d9      0x21d ./Drivers/STM32F1xx_HAL_Driver/Src/stm32f1xx_hal_cortex.o
                                      0x75d85 (size before relaxing)
 .debug_str     0x000000000007f6f6      0x2e1 ./Drivers/STM32F1xx_HAL_Driver/Src/stm32f1xx_hal_gpio.o
                                      0x75ac1 (size before relaxing)
 .debug_str     0x000000000007f9d7      0xa4f ./Drivers/STM32F1xx_HAL_Driver/Src/stm32f1xx_hal_i2c.o
                                      0x765fa (size before relaxing)
 .debug_str     0x0000000000080426      0x552 ./Drivers/STM32F1xx_HAL_Driver/Src/stm32f1xx_hal_pcd.o
                                      0x75f2f (size before relaxing)
 .debug_str     0x0000000000080978      0x1c8 ./Drivers/STM32F1xx_HAL_Driver/Src/stm32f1xx_hal_rcc.o
                                      0x75b16 (size before relaxing)
 .debug_str     0x0000000000080b40       0x9f ./Drivers/STM32F1xx_HAL_Driver/Src/stm32f1xx_hal_rcc_ex.o
                                      0x758ad (size before relaxing)
 .debug_str     0x0000000000080bdf       0x3b ./Drivers/STM32F1xx_HAL_Driver/Src/stm32f1xx_hal_spi_ex.o
                                      0x75aa2 (size before relaxing)
 .debug_str     0x0000000000080c1a      0xcf9 ./Drivers/STM32F1xx_HAL_Driver/Src/stm32f1xx_hal_tim.o
                                      0x76816 (size before relaxing)
 .debug_str     0x0000000000081913      0x4f1 ./Drivers/STM32F1xx_HAL_Driver/Src/stm32f1xx_hal_tim_ex.o
                                      0x760b8 (size before relaxing)
 .debug_str     0x0000000000081e04      0x4f4 ./Drivers/STM32F1xx_HAL_Driver/Src/stm32f1xx_hal_uart.o
                                      0x7602f (size before relaxing)
 .debug_str     0x00000000000822f8      0x154 ./Drivers/STM32F1xx_HAL_Driver/Src/stm32f1xx_ll_usb.o
                                      0x75bdf (size before relaxing)

.comment        0x0000000000000000       0x7f
 .comment       0x0000000000000000       0x7f ./Src/fatfs.o
                                         0x80 (size before relaxing)
 .comment       0x000000000000007f       0x80 ./Src/main.o
 .comment       0x000000000000007f       0x80 ./Src/stm32f1xx_hal_msp.o
 .comment       0x000000000000007f       0x80 ./Src/stm32f1xx_hal_timebase_TIM.o
 .comment       0x000000000000007f       0x80 ./Src/stm32f1xx_it.o
 .comment       0x000000000000007f       0x80 ./Src/system_stm32f1xx.o
 .comment       0x000000000000007f       0x80 ./Src/user_diskio.o
 .comment       0x000000000000007f       0x80 ./Middlewares/Third_Party/FreeRTOS/Source/portable/MemMang/heap_4.o
 .comment       0x000000000000007f       0x80 ./Middlewares/Third_Party/FreeRTOS/Source/portable/GCC/ARM_CM3/port.o
 .comment       0x000000000000007f       0x80 ./Middlewares/Third_Party/FreeRTOS/Source/CMSIS_RTOS/cmsis_os.o
 .comment       0x000000000000007f       0x80 ./Middlewares/Third_Party/FreeRTOS/Source/list.o
 .comment       0x000000000000007f       0x80 ./Middlewares/Third_Party/FreeRTOS/Source/tasks.o
 .comment       0x000000000000007f       0x80 ./Middlewares/Third_Party/FatFs/src/ff_gen_drv.o
 .comment       0x000000000000007f       0x80 ./Drivers/STM32F1xx_HAL_Driver/Src/stm32f1xx_hal.o
 .comment       0x000000000000007f       0x80 ./Drivers/STM32F1xx_HAL_Driver/Src/stm32f1xx_hal_can.o
 .comment       0x000000000000007f       0x80 ./Drivers/STM32F1xx_HAL_Driver/Src/stm32f1xx_hal_cortex.o
 .comment       0x000000000000007f       0x80 ./Drivers/STM32F1xx_HAL_Driver/Src/stm32f1xx_hal_gpio.o
 .comment       0x000000000000007f       0x80 ./Drivers/STM32F1xx_HAL_Driver/Src/stm32f1xx_hal_i2c.o
 .comment       0x000000000000007f       0x80 ./Drivers/STM32F1xx_HAL_Driver/Src/stm32f1xx_hal_pcd.o
 .comment       0x000000000000007f       0x80 ./Drivers/STM32F1xx_HAL_Driver/Src/stm32f1xx_hal_rcc.o
 .comment       0x000000000000007f       0x80 ./Drivers/STM32F1xx_HAL_Driver/Src/stm32f1xx_hal_rcc_ex.o
 .comment       0x000000000000007f       0x80 ./Drivers/STM32F1xx_HAL_Driver/Src/stm32f1xx_hal_spi_ex.o
 .comment       0x000000000000007f       0x80 ./Drivers/STM32F1xx_HAL_Driver/Src/stm32f1xx_hal_tim.o
 .comment       0x000000000000007f       0x80 ./Drivers/STM32F1xx_HAL_Driver/Src/stm32f1xx_hal_tim_ex.o
 .comment       0x000000000000007f       0x80 ./Drivers/STM32F1xx_HAL_Driver/Src/stm32f1xx_hal_uart.o
 .comment       0x000000000000007f       0x80 ./Drivers/STM32F1xx_HAL_Driver/Src/stm32f1xx_ll_usb.o

.debug_frame    0x0000000000000000     0x38bc
 .debug_frame   0x0000000000000000       0x38 ./Src/fatfs.o
 .debug_frame   0x0000000000000038      0x160 ./Src/main.o
 .debug_frame   0x0000000000000198      0x130 ./Src/stm32f1xx_hal_msp.o
 .debug_frame   0x00000000000002c8       0x50 ./Src/stm32f1xx_hal_timebase_TIM.o
 .debug_frame   0x0000000000000318       0xa0 ./Src/stm32f1xx_it.o
 .debug_frame   0x00000000000003b8       0x30 ./Src/system_stm32f1xx.o
 .debug_frame   0x00000000000003e8       0x60 ./Src/user_diskio.o
 .debug_frame   0x0000000000000448       0xac ./Middlewares/Third_Party/FreeRTOS/Source/portable/MemMang/heap_4.o
 .debug_frame   0x00000000000004f4       0xe0 ./Middlewares/Third_Party/FreeRTOS/Source/portable/GCC/ARM_CM3/port.o
 .debug_frame   0x00000000000005d4      0x584 ./Middlewares/Third_Party/FreeRTOS/Source/CMSIS_RTOS/cmsis_os.o
 .debug_frame   0x0000000000000b58       0x6c ./Middlewares/Third_Party/FreeRTOS/Source/list.o
 .debug_frame   0x0000000000000bc4      0x4d0 ./Middlewares/Third_Party/FreeRTOS/Source/tasks.o
 .debug_frame   0x0000000000001094       0x7c ./Middlewares/Third_Party/FatFs/src/ff_gen_drv.o
 .debug_frame   0x0000000000001110      0x1ac ./Drivers/STM32F1xx_HAL_Driver/Src/stm32f1xx_hal.o
 .debug_frame   0x00000000000012bc      0x208 ./Drivers/STM32F1xx_HAL_Driver/Src/stm32f1xx_hal_can.o
 .debug_frame   0x00000000000014c4      0x12c ./Drivers/STM32F1xx_HAL_Driver/Src/stm32f1xx_hal_cortex.o
 .debug_frame   0x00000000000015f0       0xe4 ./Drivers/STM32F1xx_HAL_Driver/Src/stm32f1xx_hal_gpio.o
 .debug_frame   0x00000000000016d4      0x854 ./Drivers/STM32F1xx_HAL_Driver/Src/stm32f1xx_hal_i2c.o
 .debug_frame   0x0000000000001f28      0x2e8 ./Drivers/STM32F1xx_HAL_Driver/Src/stm32f1xx_hal_pcd.o
 .debug_frame   0x0000000000002210      0x170 ./Drivers/STM32F1xx_HAL_Driver/Src/stm32f1xx_hal_rcc.o
 .debug_frame   0x0000000000002380       0x6c ./Drivers/STM32F1xx_HAL_Driver/Src/stm32f1xx_hal_rcc_ex.o
 .debug_frame   0x00000000000023ec       0x2c ./Drivers/STM32F1xx_HAL_Driver/Src/stm32f1xx_hal_spi_ex.o
 .debug_frame   0x0000000000002418      0x9e0 ./Drivers/STM32F1xx_HAL_Driver/Src/stm32f1xx_hal_tim.o
 .debug_frame   0x0000000000002df8      0x374 ./Drivers/STM32F1xx_HAL_Driver/Src/stm32f1xx_hal_tim_ex.o
 .debug_frame   0x000000000000316c      0x4e8 ./Drivers/STM32F1xx_HAL_Driver/Src/stm32f1xx_hal_uart.o
 .debug_frame   0x0000000000003654      0x23c ./Drivers/STM32F1xx_HAL_Driver/Src/stm32f1xx_ll_usb.o
 .debug_frame   0x0000000000003890       0x2c /home/tdarlic/STM32Toolchain/gcc-arm/bin/../lib/gcc/arm-none-eabi/6.3.1/../../../../arm-none-eabi/lib/thumb/v7-m/libg_nano.a(lib_a-init.o)

.debug_loc      0x0000000000000000     0xf0e0
 .debug_loc     0x0000000000000000       0x7c ./Src/main.o
 .debug_loc     0x000000000000007c      0x1e6 ./Src/stm32f1xx_hal_msp.o
 .debug_loc     0x0000000000000262       0x79 ./Src/stm32f1xx_hal_timebase_TIM.o
 .debug_loc     0x00000000000002db       0xdf ./Src/system_stm32f1xx.o
 .debug_loc     0x00000000000003ba       0xa5 ./Src/user_diskio.o
 .debug_loc     0x000000000000045f      0x2a0 ./Middlewares/Third_Party/FreeRTOS/Source/portable/MemMang/heap_4.o
 .debug_loc     0x00000000000006ff       0xce ./Middlewares/Third_Party/FreeRTOS/Source/portable/GCC/ARM_CM3/port.o
 .debug_loc     0x00000000000007cd      0xfe2 ./Middlewares/Third_Party/FreeRTOS/Source/CMSIS_RTOS/cmsis_os.o
 .debug_loc     0x00000000000017af       0x70 ./Middlewares/Third_Party/FreeRTOS/Source/list.o
 .debug_loc     0x000000000000181f     0x1512 ./Middlewares/Third_Party/FreeRTOS/Source/tasks.o
 .debug_loc     0x0000000000002d31      0x21c ./Middlewares/Third_Party/FatFs/src/ff_gen_drv.o
 .debug_loc     0x0000000000002f4d      0x108 ./Drivers/STM32F1xx_HAL_Driver/Src/stm32f1xx_hal.o
 .debug_loc     0x0000000000003055      0xd22 ./Drivers/STM32F1xx_HAL_Driver/Src/stm32f1xx_hal_can.o
 .debug_loc     0x0000000000003d77      0x5ad ./Drivers/STM32F1xx_HAL_Driver/Src/stm32f1xx_hal_cortex.o
 .debug_loc     0x0000000000004324      0x42d ./Drivers/STM32F1xx_HAL_Driver/Src/stm32f1xx_hal_gpio.o
 .debug_loc     0x0000000000004751     0x326d ./Drivers/STM32F1xx_HAL_Driver/Src/stm32f1xx_hal_i2c.o
 .debug_loc     0x00000000000079be      0x9fb ./Drivers/STM32F1xx_HAL_Driver/Src/stm32f1xx_hal_pcd.o
 .debug_loc     0x00000000000083b9      0x4d1 ./Drivers/STM32F1xx_HAL_Driver/Src/stm32f1xx_hal_rcc.o
 .debug_loc     0x000000000000888a      0x2dc ./Drivers/STM32F1xx_HAL_Driver/Src/stm32f1xx_hal_rcc_ex.o
 .debug_loc     0x0000000000008b66       0x4d ./Drivers/STM32F1xx_HAL_Driver/Src/stm32f1xx_hal_spi_ex.o
 .debug_loc     0x0000000000008bb3     0x34d2 ./Drivers/STM32F1xx_HAL_Driver/Src/stm32f1xx_hal_tim.o
 .debug_loc     0x000000000000c085      0xf2e ./Drivers/STM32F1xx_HAL_Driver/Src/stm32f1xx_hal_tim_ex.o
 .debug_loc     0x000000000000cfb3     0x1515 ./Drivers/STM32F1xx_HAL_Driver/Src/stm32f1xx_hal_uart.o
 .debug_loc     0x000000000000e4c8      0xc18 ./Drivers/STM32F1xx_HAL_Driver/Src/stm32f1xx_ll_usb.o
